Processing tg_cam__wroover_01 (board: esp32dev; platform: espressif32@6.4.0; framework: arduino; platform_packages: platformio/framework-arduinoespressif32@3.20011.230801; upload_protocol: esptool; upload_port: COM90; upload_speed: 460800; board_build.flash_mode: dio; board_build.boot: qio; board_build.f_cpu: 240000000L; board_build.f_flash: 80000000L; board_build.mcu: esp32; board_build.psram: enabled; board_build.partitions: partitions/esp32_default.csv; board_build.ldscript: ; lib_ldf_mode: chain+; lib_extra_dirs: lib/lib_basic, lib/lib_network, lib/lib_custom, lib/libesp32; build_flags: -w, -include sdkconfig_wroover.h, -D DEVICE_TESTGROUP__CAMERAS__WROOVER_E_LARGE_ESP32_BOARD, , -D I2C_BUS_SPEED=400000, -D BOARD_HAS_PSRAM, '-DDEVICENAME_CTR="tg_cam__wroover_01"', '-DDEVICENAME_FRIENDLY_CTR="TestGroup Camera WROVER-E#Testbed"', '-DDEVICENAME_DESCRIPTION_CTR="ESP32;WROVER-E;Testbed"', '-DD_MQTTSERVER_IP_ADDRESS_COMMA_DELIMITED="192.168.3.70"', -D SETTINGS_LOCATION=0x300000, -D SETTINGS_SIZE=0x10000, -D CORE_DEBUG_LEVEL=5, -D ARDUINO_USB_CDC_ON_BOOT=1, -D ARDUINO_USB_MODE=1, -D Serial=Serial0, -D ENABLE_DEBUG_LINE_HERE3, -D ENABLE_DEBUGFEATURE_LOGS__FORCE_FLUSH_ON_TRANSMIT, -D DISABLE_LEDC_DEFINE_TO_PATCH_BUILD_ERROR_JUNE25, -D ENABLE_IMMEDIATE_BOOT_SERIAL_PRINT_WHILE, -D ENABLE_DEBUGFEATURE_TIME__SHOW_UPTIME_EVERY_SECOND, -D ENABLE_DEBUG_MODULE_HARDWAREPINS_SUBSECTION_TEMPLATES; build_unflags: -Wall, -Wdeprecated-declarations; monitor_speed: 115200; upload_resetmethod: nodemcu; extra_scripts: pio/strip-floats.py, pio/name-firmware.py, pio/gzip-firmware.py, gzip_fw.py, pio/override_copy.py, pio/strip-floats.py, pio/name-firmware.py, gzip_fw.py, pio/override_copy.py)
--------------------------------------------------------------------------------
CONFIGURATION: https://docs.platformio.org/page/boards/espressif32/esp32dev.html
PLATFORM: Espressif 32 (6.4.0) > Espressif ESP32 Dev Module
HARDWARE: ESP32 240MHz, 320KB RAM, 4MB Flash
DEBUG: Current (cmsis-dap) External (cmsis-dap, esp-bridge, esp-prog, iot-bus-jtag, jlink, minimodule, olimex-arm-usb-ocd, olimex-arm-usb-ocd-h, olimex-arm-usb-tiny-h, olimex-jtag-tiny, tumpa)
PACKAGES: 
 - framework-arduinoespressif32 @ 3.20011.230801 (2.0.11) 
 - tool-esptoolpy @ 1.40501.0 (4.5.1) 
 - tool-openocd-esp32 @ 2.1100.20220706 (11.0) 
 - toolchain-xtensa-esp32 @ 8.4.0+2021r2-patch5
LDF: Library Dependency Finder -> https://bit.ly/configure-pio-ldf
LDF Modes: Finder ~ chain+, Compatibility ~ soft
Framework incompatible library U:\GitHub\PulSar\lib\lib_esp32_camera2
More details about "Library Compatibility Mode": https://docs.platformio.org/page/librarymanager/ldf.html#ldf-compat-mode
Found 76 compatible libraries
Scanning dependencies...
Dependency Graph
|-- Ext-printf @ 1.0 (License: Unknown, Path: U:\GitHub\PulSar\lib\lib_basic\Ext-printf)
|-- JSMN JSON parser @ 1.0 (License: Unknown, Path: U:\GitHub\PulSar\lib\lib_basic\jsmn-shadinger-1.0)
|-- ESP32-to-ESP8266-compat @ 0.0.2 (License: Unknown, Path: U:\GitHub\PulSar\lib\libesp32\ESP32-to-ESP8266-compat)
|   |-- WiFi @ 2.0.0 (License: Unknown, Path: C:\Users\micha\.platformio\packages\framework-arduinoespressif32\libraries\WiFi)
|-- Averaging_Data @ 0.1 (License: Unknown, Path: U:\GitHub\PulSar\lib\lib_custom\DeCounter)
|-- WiFi @ 2.0.0 (License: Unknown, Path: C:\Users\micha\.platformio\packages\framework-arduinoespressif32\libraries\WiFi)
|-- ArduinoOTA @ 2.0.0 (License: Unknown, Path: C:\Users\micha\.platformio\packages\framework-arduinoespressif32\libraries\ArduinoOTA)
|   |-- WiFi @ 2.0.0 (License: Unknown, Path: C:\Users\micha\.platformio\packages\framework-arduinoespressif32\libraries\WiFi)
|   |-- Update @ 2.0.0 (License: Unknown, Path: C:\Users\micha\.platformio\packages\framework-arduinoespressif32\libraries\Update)
|   |-- ESPmDNS @ 2.0.0 (License: Unknown, Path: C:\Users\micha\.platformio\packages\framework-arduinoespressif32\libraries\ESPmDNS)
|   |   |-- WiFi @ 2.0.0 (License: Unknown, Path: C:\Users\micha\.platformio\packages\framework-arduinoespressif32\libraries\WiFi)
|-- Update @ 2.0.0 (License: Unknown, Path: C:\Users\micha\.platformio\packages\framework-arduinoespressif32\libraries\Update)
|-- Wire @ 2.0.0 (License: Unknown, Path: C:\Users\micha\.platformio\packages\framework-arduinoespressif32\libraries\Wire)
|-- ESPmDNS @ 2.0.0 (License: Unknown, Path: C:\Users\micha\.platformio\packages\framework-arduinoespressif32\libraries\ESPmDNS)
|   |-- WiFi @ 2.0.0 (License: Unknown, Path: C:\Users\micha\.platformio\packages\framework-arduinoespressif32\libraries\WiFi)
|-- Ticker @ 1.1 (License: Unknown, Path: U:\GitHub\PulSar\lib\libesp32\Ticker)
Building in release mode
********* using mFirmwareCustom_Secret.h as planned ***********
********* using mUserConfig_Secret.h as planned ***********
********* using mFirmwareCustom_Secret.h as planned ***********
********* using mUserConfig_Secret.h as planned ***********
Using tempfile U:\GitHub\PulSar\.pioenvs\tg_cam__wroover_01\tmp7su1j1vk.tmp for command line:
xtensa-esp32-elf-gcc -o .pioenvs/tg_cam__wroover_01/FrameworkArduino/esp32-hal-psram.c.o -c -Wno-frame-address -std=gnu99 -Wno-old-style-declaration -w -include sdkconfig_wroover.h -Os -mlongcalls -ffunction-sections -fdata-sections -Wno-error=unused-function -Wno-error=unused-variable -Wno-error=deprecated-declarations -Wno-unused-parameter -Wno-sign-compare -ggdb -freorder-blocks -Wwrite-strings -fstack-protector -fstrict-volatile-bitfields -Wno-error=unused-but-set-variable -fno-jump-tables -fno-tree-switch-conversion -MMD -DPLATFORMIO=60118 -DARDUINO_ESP32_DEV -DDEVICE_TESTGROUP__CAMERAS__WROOVER_E_LARGE_ESP32_BOARD -DUSE_USER_MICHAEL -DI2C_BUS_SPEED=400000 -DBOARD_HAS_PSRAM -DDEVICENAME_CTR=\"tg_cam__wroover_01\" "-DDEVICENAME_FRIENDLY_CTR=\"TestGroup Camera WROVER-E#Testbed\"" -DDEVICENAME_DESCRIPTION_CTR=\"ESP32;WROVER-E;Testbed\" -DD_MQTTSERVER_IP_ADDRESS_COMMA_DELIMITED=\"192.168.3.70\" -DSETTINGS_LOCATION=0x300000 -DSETTINGS_SIZE=0x10000 -DCORE_DEBUG_LEVEL=5 -DARDUINO_USB_CDC_ON_BOOT=1 -DARDUINO_USB_MODE=1 -DSerial=Serial0 -DENABLE_DEBUG_LINE_HERE3 -DENABLE_DEBUGFEATURE_LOGS__FORCE_FLUSH_ON_TRANSMIT -DDISABLE_LEDC_DEFINE_TO_PATCH_BUILD_ERROR_JUNE25 -DENABLE_IMMEDIATE_BOOT_SERIAL_PRINT_WHILE -DENABLE_DEBUGFEATURE_TIME__SHOW_UPTIME_EVERY_SECOND -DENABLE_DEBUG_MODULE_HARDWAREPINS_SUBSECTION_TEMPLATES -DHAVE_CONFIG_H -DMBEDTLS_CONFIG_FILE=\"mbedtls/esp_config.h\" -DUNITY_INCLUDE_CONFIG_H -DWITH_POSIX -D_GNU_SOURCE -DIDF_VER=\"v4.4.5\" -DESP_PLATFORM -D_POSIX_READER_WRITER_LOCKS -DARDUINO_ARCH_ESP32 -DESP32 -DF_CPU=240000000L -DARDUINO=10812 -DARDUINO_VARIANT=\"esp32\" "-DARDUINO_BOARD=\"Espressif ESP32 Dev Module\"" -DARDUINO_PARTITION_esp32_default -DARDUINO_CORE_BUILD -IC:/Users/micha/.platformio/packages/framework-arduinoespressif32/tools/sdk/esp32/include/newlib/platform_include -IC:/Users/micha/.platformio/packages/framework-arduinoespressif32/tools/sdk/esp32/include/freertos/include -IC:/Users/micha/.platformio/packages/framework-arduinoespressif32/tools/sdk/esp32/include/freertos/include/esp_additions/freertos -IC:/Users/micha/.platformio/packages/framework-arduinoespressif32/tools/sdk/esp32/include/freertos/port/xtensa/include -IC:/Users/micha/.platformio/packages/framework-arduinoespressif32/tools/sdk/esp32/include/freertos/include/esp_additions -IC:/Users/micha/.platformio/packages/framework-arduinoespressif32/tools/sdk/esp32/include/esp_hw_support/include -IC:/Users/micha/.platformio/packages/framework-arduinoespressif32/tools/sdk/esp32/include/esp_hw_support/include/soc -IC:/Users/micha/.platformio/packages/framework-arduinoespressif32/tools/sdk/esp32/include/esp_hw_support/include/soc/esp32 -IC:/Users/micha/.platformio/packages/framework-arduinoespressif32/tools/sdk/esp32/include/esp_hw_support/port/esp32 -IC:/Users/micha/.platformio/packages/framework-arduinoespressif32/tools/sdk/esp32/include/esp_hw_support/port/esp32/private_include -IC:/Users/micha/.platformio/packages/framework-arduinoespressif32/tools/sdk/esp32/include/heap/include -IC:/Users/micha/.platformio/packages/framework-arduinoespressif32/tools/sdk/esp32/include/log/include -IC:/Users/micha/.platformio/packages/framework-arduinoespressif32/tools/sdk/esp32/include/lwip/include/apps -IC:/Users/micha/.platformio/packages/framework-arduinoespressif32/tools/sdk/esp32/include/lwip/include/apps/sntp -IC:/Users/micha/.platformio/packages/framework-arduinoespressif32/tools/sdk/esp32/include/lwip/lwip/src/include -IC:/Users/micha/.platformio/packages/framework-arduinoespressif32/tools/sdk/esp32/include/lwip/port/esp32/include -IC:/Users/micha/.platformio/packages/framework-arduinoespressif32/tools/sdk/esp32/include/lwip/port/esp32/include/arch -IC:/Users/micha/.platformio/packages/framework-arduinoespressif32/tools/sdk/esp32/include/soc/include -IC:/Users/micha/.platformio/packages/framework-arduinoespressif32/tools/sdk/esp32/include/soc/esp32 -IC:/Users/micha/.platformio/packages/framework-arduinoespressif32/tools/sdk/esp32/include/soc/esp32/include -IC:/Users/micha/.platformio/packages/framework-arduinoespressif32/tools/sdk/esp32/include/hal/esp32/include -IC:/Users/micha/.platformio/packages/framework-arduinoespressif32/tools/sdk/esp32/include/hal/include -IC:/Users/micha/.platformio/packages/framework-arduinoespressif32/tools/sdk/esp32/include/hal/platform_port/include -IC:/Users/micha/.platformio/packages/framework-arduinoespressif32/tools/sdk/esp32/include/esp_rom/include -IC:/Users/micha/.platformio/packages/framework-arduinoespressif32/tools/sdk/esp32/include/esp_rom/include/esp32 -IC:/Users/micha/.platformio/packages/framework-arduinoespressif32/tools/sdk/esp32/include/esp_rom/esp32 -IC:/Users/micha/.platformio/packages/framework-arduinoespressif32/tools/sdk/esp32/include/esp_common/include -IC:/Users/micha/.platformio/packages/framework-arduinoespressif32/tools/sdk/esp32/include/esp_system/include -IC:/Users/micha/.platformio/packages/framework-arduinoespressif32/tools/sdk/esp32/include/esp_system/port/soc -IC:/Users/micha/.platformio/packages/framework-arduinoespressif32/tools/sdk/esp32/include/esp_system/port/public_compat -IC:/Users/micha/.platformio/packages/framework-arduinoespressif32/tools/sdk/esp32/include/esp32/include -IC:/Users/micha/.platformio/packages/framework-arduinoespressif32/tools/sdk/esp32/include/xtensa/include -IC:/Users/micha/.platformio/packages/framework-arduinoespressif32/tools/sdk/esp32/include/xtensa/esp32/include -IC:/Users/micha/.platformio/packages/framework-arduinoespressif32/tools/sdk/esp32/include/driver/include -IC:/Users/micha/.platformio/packages/framework-arduinoespressif32/tools/sdk/esp32/include/driver/esp32/include -IC:/Users/micha/.platformio/packages/framework-arduinoespressif32/tools/sdk/esp32/include/esp_pm/include -IC:/Users/micha/.platformio/packages/framework-arduinoespressif32/tools/sdk/esp32/include/esp_ringbuf/include -IC:/Users/micha/.platformio/packages/framework-arduinoespressif32/tools/sdk/esp32/include/efuse/include -IC:/Users/micha/.platformio/packages/framework-arduinoespressif32/tools/sdk/esp32/include/efuse/esp32/include -IC:/Users/micha/.platformio/packages/framework-arduinoespressif32/tools/sdk/esp32/include/vfs/include -IC:/Users/micha/.platformio/packages/framework-arduinoespressif32/tools/sdk/esp32/include/esp_wifi/include -IC:/Users/micha/.platformio/packages/framework-arduinoespressif32/tools/sdk/esp32/include/esp_event/include -IC:/Users/micha/.platformio/packages/framework-arduinoespressif32/tools/sdk/esp32/include/esp_netif/include -IC:/Users/micha/.platformio/packages/framework-arduinoespressif32/tools/sdk/esp32/include/esp_eth/include -IC:/Users/micha/.platformio/packages/framework-arduinoespressif32/tools/sdk/esp32/include/tcpip_adapter/include -IC:/Users/micha/.platformio/packages/framework-arduinoespressif32/tools/sdk/esp32/include/esp_phy/include -IC:/Users/micha/.platformio/packages/framework-arduinoespressif32/tools/sdk/esp32/include/esp_phy/esp32/include -IC:/Users/micha/.platformio/packages/framework-arduinoespressif32/tools/sdk/esp32/include/esp_ipc/include -IC:/Users/micha/.platformio/packages/framework-arduinoespressif32/tools/sdk/esp32/include/app_trace/include -IC:/Users/micha/.platformio/packages/framework-arduinoespressif32/tools/sdk/esp32/include/esp_timer/include -IC:/Users/micha/.platformio/packages/framework-arduinoespressif32/tools/sdk/esp32/include/mbedtls/port/include -IC:/Users/micha/.platformio/packages/framework-arduinoespressif32/tools/sdk/esp32/include/mbedtls/mbedtls/include -IC:/Users/micha/.platformio/packages/framework-arduinoespressif32/tools/sdk/esp32/include/mbedtls/esp_crt_bundle/include -IC:/Users/micha/.platformio/packages/framework-arduinoespressif32/tools/sdk/esp32/include/app_update/include -IC:/Users/micha/.platformio/packages/framework-arduinoespressif32/tools/sdk/esp32/include/spi_flash/include -IC:/Users/micha/.platformio/packages/framework-arduinoespressif32/tools/sdk/esp32/include/bootloader_support/include -IC:/Users/micha/.platformio/packages/framework-arduinoespressif32/tools/sdk/esp32/include/nvs_flash/include -IC:/Users/micha/.platformio/packages/framework-arduinoespressif32/tools/sdk/esp32/include/pthread/include -IC:/Users/micha/.platformio/packages/framework-arduinoespressif32/tools/sdk/esp32/include/esp_gdbstub/include -IC:/Users/micha/.platformio/packages/framework-arduinoespressif32/tools/sdk/esp32/include/esp_gdbstub/xtensa -IC:/Users/micha/.platformio/packages/framework-arduinoespressif32/tools/sdk/esp32/include/esp_gdbstub/esp32 -IC:/Users/micha/.platformio/packages/framework-arduinoespressif32/tools/sdk/esp32/include/espcoredump/include -IC:/Users/micha/.platformio/packages/framework-arduinoespressif32/tools/sdk/esp32/include/espcoredump/include/port/xtensa -IC:/Users/micha/.platformio/packages/framework-arduinoespressif32/tools/sdk/esp32/include/wpa_supplicant/include -IC:/Users/micha/.platformio/packages/framework-arduinoespressif32/tools/sdk/esp32/include/wpa_supplicant/port/include -IC:/Users/micha/.platformio/packages/framework-arduinoespressif32/tools/sdk/esp32/include/wpa_supplicant/esp_supplicant/include -IC:/Users/micha/.platformio/packages/framework-arduinoespressif32/tools/sdk/esp32/include/ieee802154/include -IC:/Users/micha/.platformio/packages/framework-arduinoespressif32/tools/sdk/esp32/include/console -IC:/Users/micha/.platformio/packages/framework-arduinoespressif32/tools/sdk/esp32/include/asio/asio/asio/include -IC:/Users/micha/.platformio/packages/framework-arduinoespressif32/tools/sdk/esp32/include/asio/port/include -IC:/Users/micha/.platformio/packages/framework-arduinoespressif32/tools/sdk/esp32/include/bt/common/osi/include -IC:/Users/micha/.platformio/packages/framework-arduinoespressif32/tools/sdk/esp32/include/bt/include/esp32/include -IC:/Users/micha/.platformio/packages/framework-arduinoespressif32/tools/sdk/esp32/include/bt/common/api/include/api -IC:/Users/micha/.platformio/packages/framework-arduinoespressif32/tools/sdk/esp32/include/bt/common/btc/profile/esp/blufi/include -IC:/Users/micha/.platformio/packages/framework-arduinoespressif32/tools/sdk/esp32/include/bt/common/btc/profile/esp/include -IC:/Users/micha/.platformio/packages/framework-arduinoespressif32/tools/sdk/esp32/include/bt/host/bluedroid/api/include/api -IC:/Users/micha/.platformio/packages/framework-arduinoespressif32/tools/sdk/esp32/include/bt/esp_ble_mesh/mesh_common/include -IC:/Users/micha/.platformio/packages/framework-arduinoespressif32/tools/sdk/esp32/include/bt/esp_ble_mesh/mesh_common/tinycrypt/include -IC:/Users/micha/.platformio/packages/framework-arduinoespressif32/tools/sdk/esp32/include/bt/esp_ble_mesh/mesh_core -IC:/Users/micha/.platformio/packages/framework-arduinoespressif32/tools/sdk/esp32/include/bt/esp_ble_mesh/mesh_core/include -IC:/Users/micha/.platformio/packages/framework-arduinoespressif32/tools/sdk/esp32/include/bt/esp_ble_mesh/mesh_core/storage -IC:/Users/micha/.platformio/packages/framework-arduinoespressif32/tools/sdk/esp32/include/bt/esp_ble_mesh/btc/include -IC:/Users/micha/.platformio/packages/framework-arduinoespressif32/tools/sdk/esp32/include/bt/esp_ble_mesh/mesh_models/common/include -IC:/Users/micha/.platformio/packages/framework-arduinoespressif32/tools/sdk/esp32/include/bt/esp_ble_mesh/mesh_models/client/include -IC:/Users/micha/.platformio/packages/framework-arduinoespressif32/tools/sdk/esp32/include/bt/esp_ble_mesh/mesh_models/server/include -IC:/Users/micha/.platformio/packages/framework-arduinoespressif32/tools/sdk/esp32/include/bt/esp_ble_mesh/api/core/include -IC:/Users/micha/.platformio/packages/framework-arduinoespressif32/tools/sdk/esp32/include/bt/esp_ble_mesh/api/models/include -IC:/Users/micha/.platformio/packages/framework-arduinoespressif32/tools/sdk/esp32/include/bt/esp_ble_mesh/api -IC:/Users/micha/.platformio/packages/framework-arduinoespressif32/tools/sdk/esp32/include/cbor/port/include -IC:/Users/micha/.platformio/packages/framework-arduinoespressif32/tools/sdk/esp32/include/unity/include -IC:/Users/micha/.platformio/packages/framework-arduinoespressif32/tools/sdk/esp32/include/unity/unity/src -IC:/Users/micha/.platformio/packages/framework-arduinoespressif32/tools/sdk/esp32/include/cmock/CMock/src -IC:/Users/micha/.platformio/packages/framework-arduinoespressif32/tools/sdk/esp32/include/coap/port/include -IC:/Users/micha/.platformio/packages/framework-arduinoespressif32/tools/sdk/esp32/include/coap/libcoap/include -IC:/Users/micha/.platformio/packages/framework-arduinoespressif32/tools/sdk/esp32/include/nghttp/port/include -IC:/Users/micha/.platformio/packages/framework-arduinoespressif32/tools/sdk/esp32/include/nghttp/nghttp2/lib/includes -IC:/Users/micha/.platformio/packages/framework-arduinoespressif32/tools/sdk/esp32/include/esp-tls -IC:/Users/micha/.platformio/packages/framework-arduinoespressif32/tools/sdk/esp32/include/esp-tls/esp-tls-crypto -IC:/Users/micha/.platformio/packages/framework-arduinoespressif32/tools/sdk/esp32/include/esp_adc_cal/include -IC:/Users/micha/.platformio/packages/framework-arduinoespressif32/tools/sdk/esp32/include/esp_hid/include -IC:/Users/micha/.platformio/packages/framework-arduinoespressif32/tools/sdk/esp32/include/tcp_transport/include -IC:/Users/micha/.platformio/packages/framework-arduinoespressif32/tools/sdk/esp32/include/esp_http_client/include -IC:/Users/micha/.platformio/packages/framework-arduinoespressif32/tools/sdk/esp32/include/esp_http_server/include -IC:/Users/micha/.platformio/packages/framework-arduinoespressif32/tools/sdk/esp32/include/esp_https_ota/include -IC:/Users/micha/.platformio/packages/framework-arduinoespressif32/tools/sdk/esp32/include/esp_https_server/include -IC:/Users/micha/.platformio/packages/framework-arduinoespressif32/tools/sdk/esp32/include/esp_lcd/include -IC:/Users/micha/.platformio/packages/framework-arduinoespressif32/tools/sdk/esp32/include/esp_lcd/interface -IC:/Users/micha/.platformio/packages/framework-arduinoespressif32/tools/sdk/esp32/include/protobuf-c/protobuf-c -IC:/Users/micha/.platformio/packages/framework-arduinoespressif32/tools/sdk/esp32/include/protocomm/include/common -IC:/Users/micha/.platformio/packages/framework-arduinoespressif32/tools/sdk/esp32/include/protocomm/include/security -IC:/Users/micha/.platformio/packages/framework-arduinoespressif32/tools/sdk/esp32/include/protocomm/include/transports -IC:/Users/micha/.platformio/packages/framework-arduinoespressif32/tools/sdk/esp32/include/mdns/include -IC:/Users/micha/.platformio/packages/framework-arduinoespressif32/tools/sdk/esp32/include/esp_local_ctrl/include -IC:/Users/micha/.platformio/packages/framework-arduinoespressif32/tools/sdk/esp32/include/sdmmc/include -IC:/Users/micha/.platformio/packages/framework-arduinoespressif32/tools/sdk/esp32/include/esp_serial_slave_link/include -IC:/Users/micha/.platformio/packages/framework-arduinoespressif32/tools/sdk/esp32/include/esp_websocket_client/include -IC:/Users/micha/.platformio/packages/framework-arduinoespressif32/tools/sdk/esp32/include/expat/expat/expat/lib -IC:/Users/micha/.platformio/packages/framework-arduinoespressif32/tools/sdk/esp32/include/expat/port/include -IC:/Users/micha/.platformio/packages/framework-arduinoespressif32/tools/sdk/esp32/include/wear_levelling/include -IC:/Users/micha/.platformio/packages/framework-arduinoespressif32/tools/sdk/esp32/include/fatfs/diskio -IC:/Users/micha/.platformio/packages/framework-arduinoespressif32/tools/sdk/esp32/include/fatfs/vfs -IC:/Users/micha/.platformio/packages/framework-arduinoespressif32/tools/sdk/esp32/include/fatfs/src -IC:/Users/micha/.platformio/packages/framework-arduinoespressif32/tools/sdk/esp32/include/freemodbus/freemodbus/common/include -IC:/Users/micha/.platformio/packages/framework-arduinoespressif32/tools/sdk/esp32/include/idf_test/include -IC:/Users/micha/.platformio/packages/framework-arduinoespressif32/tools/sdk/esp32/include/idf_test/include/esp32 -IC:/Users/micha/.platformio/packages/framework-arduinoespressif32/tools/sdk/esp32/include/jsmn/include -IC:/Users/micha/.platformio/packages/framework-arduinoespressif32/tools/sdk/esp32/include/json/cJSON -IC:/Users/micha/.platformio/packages/framework-arduinoespressif32/tools/sdk/esp32/include/libsodium/libsodium/src/libsodium/include -IC:/Users/micha/.platformio/packages/framework-arduinoespressif32/tools/sdk/esp32/include/libsodium/port_include -IC:/Users/micha/.platformio/packages/framework-arduinoespressif32/tools/sdk/esp32/include/mqtt/esp-mqtt/include -IC:/Users/micha/.platformio/packages/framework-arduinoespressif32/tools/sdk/esp32/include/openssl/include -IC:/Users/micha/.platformio/packages/framework-arduinoespressif32/tools/sdk/esp32/include/perfmon/include -IC:/Users/micha/.platformio/packages/framework-arduinoespressif32/tools/sdk/esp32/include/spiffs/include -IC:/Users/micha/.platformio/packages/framework-arduinoespressif32/tools/sdk/esp32/include/ulp/include -IC:/Users/micha/.platformio/packages/framework-arduinoespressif32/tools/sdk/esp32/include/wifi_provisioning/include -IC:/Users/micha/.platformio/packages/framework-arduinoespressif32/tools/sdk/esp32/include/rmaker_common/include -IC:/Users/micha/.platformio/packages/framework-arduinoespressif32/tools/sdk/esp32/include/esp_diagnostics/include -IC:/Users/micha/.platformio/packages/framework-arduinoespressif32/tools/sdk/esp32/include/rtc_store/include -IC:/Users/micha/.platformio/packages/framework-arduinoespressif32/tools/sdk/esp32/include/esp_insights/include -IC:/Users/micha/.platformio/packages/framework-arduinoespressif32/tools/sdk/esp32/include/json_parser/upstream/include -IC:/Users/micha/.platformio/packages/framework-arduinoespressif32/tools/sdk/esp32/include/json_parser/upstream -IC:/Users/micha/.platformio/packages/framework-arduinoespressif32/tools/sdk/esp32/include/json_generator/upstream -IC:/Users/micha/.platformio/packages/framework-arduinoespressif32/tools/sdk/esp32/include/esp_schedule/include -IC:/Users/micha/.platformio/packages/framework-arduinoespressif32/tools/sdk/esp32/include/espressif__esp_secure_cert_mgr/include -IC:/Users/micha/.platformio/packages/framework-arduinoespressif32/tools/sdk/esp32/include/esp_rainmaker/include -IC:/Users/micha/.platformio/packages/framework-arduinoespressif32/tools/sdk/esp32/include/gpio_button/button/include -IC:/Users/micha/.platformio/packages/framework-arduinoespressif32/tools/sdk/esp32/include/qrcode/include -IC:/Users/micha/.platformio/packages/framework-arduinoespressif32/tools/sdk/esp32/include/ws2812_led -IC:/Users/micha/.platformio/packages/framework-arduinoespressif32/tools/sdk/esp32/include/esp_littlefs/include -IC:/Users/micha/.platformio/packages/framework-arduinoespressif32/tools/sdk/esp32/include/esp-dl/include -IC:/Users/micha/.platformio/packages/framework-arduinoespressif32/tools/sdk/esp32/include/esp-dl/include/tool -IC:/Users/micha/.platformio/packages/framework-arduinoespressif32/tools/sdk/esp32/include/esp-dl/include/typedef -IC:/Users/micha/.platformio/packages/framework-arduinoespressif32/tools/sdk/esp32/include/esp-dl/include/image -IC:/Users/micha/.platformio/packages/framework-arduinoespressif32/tools/sdk/esp32/include/esp-dl/include/math -IC:/Users/micha/.platformio/packages/framework-arduinoespressif32/tools/sdk/esp32/include/esp-dl/include/nn -IC:/Users/micha/.platformio/packages/framework-arduinoespressif32/tools/sdk/esp32/include/esp-dl/include/layer -IC:/Users/micha/.platformio/packages/framework-arduinoespressif32/tools/sdk/esp32/include/esp-dl/include/detect -IC:/Users/micha/.platformio/packages/framework-arduinoespressif32/tools/sdk/esp32/include/esp-dl/include/model_zoo -IC:/Users/micha/.platformio/packages/framework-arduinoespressif32/tools/sdk/esp32/include/esp32-camera/driver/include -IC:/Users/micha/.platformio/packages/framework-arduinoespressif32/tools/sdk/esp32/include/esp32-camera/conversions/include -IC:/Users/micha/.platformio/packages/framework-arduinoespressif32/tools/sdk/esp32/include/espressif__esp-dsp/modules/dotprod/include -IC:/Users/micha/.platformio/packages/framework-arduinoespressif32/tools/sdk/esp32/include/espressif__esp-dsp/modules/support/include -IC:/Users/micha/.platformio/packages/framework-arduinoespressif32/tools/sdk/esp32/include/espressif__esp-dsp/modules/support/mem/include -IC:/Users/micha/.platformio/packages/framework-arduinoespressif32/tools/sdk/esp32/include/espressif__esp-dsp/modules/windows/include -IC:/Users/micha/.platformio/packages/framework-arduinoespressif32/tools/sdk/esp32/include/espressif__esp-dsp/modules/windows/hann/include -IC:/Users/micha/.platformio/packages/framework-arduinoespressif32/tools/sdk/esp32/include/espressif__esp-dsp/modules/windows/blackman/include -IC:/Users/micha/.platformio/packages/framework-arduinoespressif32/tools/sdk/esp32/include/espressif__esp-dsp/modules/windows/blackman_harris/include -IC:/Users/micha/.platformio/packages/framework-arduinoespressif32/tools/sdk/esp32/include/espressif__esp-dsp/modules/windows/blackman_nuttall/include -IC:/Users/micha/.platformio/packages/framework-arduinoespressif32/tools/sdk/esp32/include/espressif__esp-dsp/modules/windows/nuttall/include -IC:/Users/micha/.platformio/packages/framework-arduinoespressif32/tools/sdk/esp32/include/espressif__esp-dsp/modules/windows/flat_top/include -IC:/Users/micha/.platformio/packages/framework-arduinoespressif32/tools/sdk/esp32/include/espressif__esp-dsp/modules/iir/include -IC:/Users/micha/.platformio/packages/framework-arduinoespressif32/tools/sdk/esp32/include/espressif__esp-dsp/modules/fir/include -IC:/Users/micha/.platformio/packages/framework-arduinoespressif32/tools/sdk/esp32/include/espressif__esp-dsp/modules/math/include -IC:/Users/micha/.platformio/packages/framework-arduinoespressif32/tools/sdk/esp32/include/espressif__esp-dsp/modules/math/add/include -IC:/Users/micha/.platformio/packages/framework-arduinoespressif32/tools/sdk/esp32/include/espressif__esp-dsp/modules/math/sub/include -IC:/Users/micha/.platformio/packages/framework-arduinoespressif32/tools/sdk/esp32/include/espressif__esp-dsp/modules/math/mul/include -IC:/Users/micha/.platformio/packages/framework-arduinoespressif32/tools/sdk/esp32/include/espressif__esp-dsp/modules/math/addc/include -IC:/Users/micha/.platformio/packages/framework-arduinoespressif32/tools/sdk/esp32/include/espressif__esp-dsp/modules/math/mulc/include -IC:/Users/micha/.platformio/packages/framework-arduinoespressif32/tools/sdk/esp32/include/espressif__esp-dsp/modules/math/sqrt/include -IC:/Users/micha/.platformio/packages/framework-arduinoespressif32/tools/sdk/esp32/include/espressif__esp-dsp/modules/matrix/include -IC:/Users/micha/.platformio/packages/framework-arduinoespressif32/tools/sdk/esp32/include/espressif__esp-dsp/modules/fft/include -IC:/Users/micha/.platformio/packages/framework-arduinoespressif32/tools/sdk/esp32/include/espressif__esp-dsp/modules/dct/include -IC:/Users/micha/.platformio/packages/framework-arduinoespressif32/tools/sdk/esp32/include/espressif__esp-dsp/modules/conv/include -IC:/Users/micha/.platformio/packages/framework-arduinoespressif32/tools/sdk/esp32/include/espressif__esp-dsp/modules/common/include -IC:/Users/micha/.platformio/packages/framework-arduinoespressif32/tools/sdk/esp32/include/espressif__esp-dsp/modules/kalman/ekf/include -IC:/Users/micha/.platformio/packages/framework-arduinoespressif32/tools/sdk/esp32/include/espressif__esp-dsp/modules/kalman/ekf_imu13states/include -IC:/Users/micha/.platformio/packages/framework-arduinoespressif32/tools/sdk/esp32/include/fb_gfx/include -IC:/Users/micha/.platformio/packages/framework-arduinoespressif32/tools/sdk/esp32/dio_qspi/include -IC:/Users/micha/.platformio/packages/framework-arduinoespressif32/cores/esp32 -IC:/Users/micha/.platformio/packages/framework-arduinoespressif32/variants/esp32 C:/Users/micha/.platformio/packages/framework-arduinoespressif32/cores/esp32/esp32-hal-psram.c
xtensa-esp32-elf-gcc @U:\GitHub\PulSar\.pioenvs\tg_cam__wroover_01\tmp7su1j1vk.tmp
Using tempfile U:\GitHub\PulSar\.pioenvs\tg_cam__wroover_01\tmpsu_mit6p.tmp for command line:
xtensa-esp32-elf-gcc -o .pioenvs/tg_cam__wroover_01/FrameworkArduino/stdlib_noniso.c.o -c -Wno-frame-address -std=gnu99 -Wno-old-style-declaration -w -include sdkconfig_wroover.h -Os -mlongcalls -ffunction-sections -fdata-sections -Wno-error=unused-function -Wno-error=unused-variable -Wno-error=deprecated-declarations -Wno-unused-parameter -Wno-sign-compare -ggdb -freorder-blocks -Wwrite-strings -fstack-protector -fstrict-volatile-bitfields -Wno-error=unused-but-set-variable -fno-jump-tables -fno-tree-switch-conversion -MMD -DPLATFORMIO=60118 -DARDUINO_ESP32_DEV -DDEVICE_TESTGROUP__CAMERAS__WROOVER_E_LARGE_ESP32_BOARD -DUSE_USER_MICHAEL -DI2C_BUS_SPEED=400000 -DBOARD_HAS_PSRAM -DDEVICENAME_CTR=\"tg_cam__wroover_01\" "-DDEVICENAME_FRIENDLY_CTR=\"TestGroup Camera WROVER-E#Testbed\"" -DDEVICENAME_DESCRIPTION_CTR=\"ESP32;WROVER-E;Testbed\" -DD_MQTTSERVER_IP_ADDRESS_COMMA_DELIMITED=\"192.168.3.70\" -DSETTINGS_LOCATION=0x300000 -DSETTINGS_SIZE=0x10000 -DCORE_DEBUG_LEVEL=5 -DARDUINO_USB_CDC_ON_BOOT=1 -DARDUINO_USB_MODE=1 -DSerial=Serial0 -DENABLE_DEBUG_LINE_HERE3 -DENABLE_DEBUGFEATURE_LOGS__FORCE_FLUSH_ON_TRANSMIT -DDISABLE_LEDC_DEFINE_TO_PATCH_BUILD_ERROR_JUNE25 -DENABLE_IMMEDIATE_BOOT_SERIAL_PRINT_WHILE -DENABLE_DEBUGFEATURE_TIME__SHOW_UPTIME_EVERY_SECOND -DENABLE_DEBUG_MODULE_HARDWAREPINS_SUBSECTION_TEMPLATES -DHAVE_CONFIG_H -DMBEDTLS_CONFIG_FILE=\"mbedtls/esp_config.h\" -DUNITY_INCLUDE_CONFIG_H -DWITH_POSIX -D_GNU_SOURCE -DIDF_VER=\"v4.4.5\" -DESP_PLATFORM -D_POSIX_READER_WRITER_LOCKS -DARDUINO_ARCH_ESP32 -DESP32 -DF_CPU=240000000L -DARDUINO=10812 -DARDUINO_VARIANT=\"esp32\" "-DARDUINO_BOARD=\"Espressif ESP32 Dev Module\"" -DARDUINO_PARTITION_esp32_default -DARDUINO_CORE_BUILD -IC:/Users/micha/.platformio/packages/framework-arduinoespressif32/tools/sdk/esp32/include/newlib/platform_include -IC:/Users/micha/.platformio/packages/framework-arduinoespressif32/tools/sdk/esp32/include/freertos/include -IC:/Users/micha/.platformio/packages/framework-arduinoespressif32/tools/sdk/esp32/include/freertos/include/esp_additions/freertos -IC:/Users/micha/.platformio/packages/framework-arduinoespressif32/tools/sdk/esp32/include/freertos/port/xtensa/include -IC:/Users/micha/.platformio/packages/framework-arduinoespressif32/tools/sdk/esp32/include/freertos/include/esp_additions -IC:/Users/micha/.platformio/packages/framework-arduinoespressif32/tools/sdk/esp32/include/esp_hw_support/include -IC:/Users/micha/.platformio/packages/framework-arduinoespressif32/tools/sdk/esp32/include/esp_hw_support/include/soc -IC:/Users/micha/.platformio/packages/framework-arduinoespressif32/tools/sdk/esp32/include/esp_hw_support/include/soc/esp32 -IC:/Users/micha/.platformio/packages/framework-arduinoespressif32/tools/sdk/esp32/include/esp_hw_support/port/esp32 -IC:/Users/micha/.platformio/packages/framework-arduinoespressif32/tools/sdk/esp32/include/esp_hw_support/port/esp32/private_include -IC:/Users/micha/.platformio/packages/framework-arduinoespressif32/tools/sdk/esp32/include/heap/include -IC:/Users/micha/.platformio/packages/framework-arduinoespressif32/tools/sdk/esp32/include/log/include -IC:/Users/micha/.platformio/packages/framework-arduinoespressif32/tools/sdk/esp32/include/lwip/include/apps -IC:/Users/micha/.platformio/packages/framework-arduinoespressif32/tools/sdk/esp32/include/lwip/include/apps/sntp -IC:/Users/micha/.platformio/packages/framework-arduinoespressif32/tools/sdk/esp32/include/lwip/lwip/src/include -IC:/Users/micha/.platformio/packages/framework-arduinoespressif32/tools/sdk/esp32/include/lwip/port/esp32/include -IC:/Users/micha/.platformio/packages/framework-arduinoespressif32/tools/sdk/esp32/include/lwip/port/esp32/include/arch -IC:/Users/micha/.platformio/packages/framework-arduinoespressif32/tools/sdk/esp32/include/soc/include -IC:/Users/micha/.platformio/packages/framework-arduinoespressif32/tools/sdk/esp32/include/soc/esp32 -IC:/Users/micha/.platformio/packages/framework-arduinoespressif32/tools/sdk/esp32/include/soc/esp32/include -IC:/Users/micha/.platformio/packages/framework-arduinoespressif32/tools/sdk/esp32/include/hal/esp32/include -IC:/Users/micha/.platformio/packages/framework-arduinoespressif32/tools/sdk/esp32/include/hal/include -IC:/Users/micha/.platformio/packages/framework-arduinoespressif32/tools/sdk/esp32/include/hal/platform_port/include -IC:/Users/micha/.platformio/packages/framework-arduinoespressif32/tools/sdk/esp32/include/esp_rom/include -IC:/Users/micha/.platformio/packages/framework-arduinoespressif32/tools/sdk/esp32/include/esp_rom/include/esp32 -IC:/Users/micha/.platformio/packages/framework-arduinoespressif32/tools/sdk/esp32/include/esp_rom/esp32 -IC:/Users/micha/.platformio/packages/framework-arduinoespressif32/tools/sdk/esp32/include/esp_common/include -IC:/Users/micha/.platformio/packages/framework-arduinoespressif32/tools/sdk/esp32/include/esp_system/include -IC:/Users/micha/.platformio/packages/framework-arduinoespressif32/tools/sdk/esp32/include/esp_system/port/soc -IC:/Users/micha/.platformio/packages/framework-arduinoespressif32/tools/sdk/esp32/include/esp_system/port/public_compat -IC:/Users/micha/.platformio/packages/framework-arduinoespressif32/tools/sdk/esp32/include/esp32/include -IC:/Users/micha/.platformio/packages/framework-arduinoespressif32/tools/sdk/esp32/include/xtensa/include -IC:/Users/micha/.platformio/packages/framework-arduinoespressif32/tools/sdk/esp32/include/xtensa/esp32/include -IC:/Users/micha/.platformio/packages/framework-arduinoespressif32/tools/sdk/esp32/include/driver/include -IC:/Users/micha/.platformio/packages/framework-arduinoespressif32/tools/sdk/esp32/include/driver/esp32/include -IC:/Users/micha/.platformio/packages/framework-arduinoespressif32/tools/sdk/esp32/include/esp_pm/include -IC:/Users/micha/.platformio/packages/framework-arduinoespressif32/tools/sdk/esp32/include/esp_ringbuf/include -IC:/Users/micha/.platformio/packages/framework-arduinoespressif32/tools/sdk/esp32/include/efuse/include -IC:/Users/micha/.platformio/packages/framework-arduinoespressif32/tools/sdk/esp32/include/efuse/esp32/include -IC:/Users/micha/.platformio/packages/framework-arduinoespressif32/tools/sdk/esp32/include/vfs/include -IC:/Users/micha/.platformio/packages/framework-arduinoespressif32/tools/sdk/esp32/include/esp_wifi/include -IC:/Users/micha/.platformio/packages/framework-arduinoespressif32/tools/sdk/esp32/include/esp_event/include -IC:/Users/micha/.platformio/packages/framework-arduinoespressif32/tools/sdk/esp32/include/esp_netif/include -IC:/Users/micha/.platformio/packages/framework-arduinoespressif32/tools/sdk/esp32/include/esp_eth/include -IC:/Users/micha/.platformio/packages/framework-arduinoespressif32/tools/sdk/esp32/include/tcpip_adapter/include -IC:/Users/micha/.platformio/packages/framework-arduinoespressif32/tools/sdk/esp32/include/esp_phy/include -IC:/Users/micha/.platformio/packages/framework-arduinoespressif32/tools/sdk/esp32/include/esp_phy/esp32/include -IC:/Users/micha/.platformio/packages/framework-arduinoespressif32/tools/sdk/esp32/include/esp_ipc/include -IC:/Users/micha/.platformio/packages/framework-arduinoespressif32/tools/sdk/esp32/include/app_trace/include -IC:/Users/micha/.platformio/packages/framework-arduinoespressif32/tools/sdk/esp32/include/esp_timer/include -IC:/Users/micha/.platformio/packages/framework-arduinoespressif32/tools/sdk/esp32/include/mbedtls/port/include -IC:/Users/micha/.platformio/packages/framework-arduinoespressif32/tools/sdk/esp32/include/mbedtls/mbedtls/include -IC:/Users/micha/.platformio/packages/framework-arduinoespressif32/tools/sdk/esp32/include/mbedtls/esp_crt_bundle/include -IC:/Users/micha/.platformio/packages/framework-arduinoespressif32/tools/sdk/esp32/include/app_update/include -IC:/Users/micha/.platformio/packages/framework-arduinoespressif32/tools/sdk/esp32/include/spi_flash/include -IC:/Users/micha/.platformio/packages/framework-arduinoespressif32/tools/sdk/esp32/include/bootloader_support/include -IC:/Users/micha/.platformio/packages/framework-arduinoespressif32/tools/sdk/esp32/include/nvs_flash/include -IC:/Users/micha/.platformio/packages/framework-arduinoespressif32/tools/sdk/esp32/include/pthread/include -IC:/Users/micha/.platformio/packages/framework-arduinoespressif32/tools/sdk/esp32/include/esp_gdbstub/include -IC:/Users/micha/.platformio/packages/framework-arduinoespressif32/tools/sdk/esp32/include/esp_gdbstub/xtensa -IC:/Users/micha/.platformio/packages/framework-arduinoespressif32/tools/sdk/esp32/include/esp_gdbstub/esp32 -IC:/Users/micha/.platformio/packages/framework-arduinoespressif32/tools/sdk/esp32/include/espcoredump/include -IC:/Users/micha/.platformio/packages/framework-arduinoespressif32/tools/sdk/esp32/include/espcoredump/include/port/xtensa -IC:/Users/micha/.platformio/packages/framework-arduinoespressif32/tools/sdk/esp32/include/wpa_supplicant/include -IC:/Users/micha/.platformio/packages/framework-arduinoespressif32/tools/sdk/esp32/include/wpa_supplicant/port/include -IC:/Users/micha/.platformio/packages/framework-arduinoespressif32/tools/sdk/esp32/include/wpa_supplicant/esp_supplicant/include -IC:/Users/micha/.platformio/packages/framework-arduinoespressif32/tools/sdk/esp32/include/ieee802154/include -IC:/Users/micha/.platformio/packages/framework-arduinoespressif32/tools/sdk/esp32/include/console -IC:/Users/micha/.platformio/packages/framework-arduinoespressif32/tools/sdk/esp32/include/asio/asio/asio/include -IC:/Users/micha/.platformio/packages/framework-arduinoespressif32/tools/sdk/esp32/include/asio/port/include -IC:/Users/micha/.platformio/packages/framework-arduinoespressif32/tools/sdk/esp32/include/bt/common/osi/include -IC:/Users/micha/.platformio/packages/framework-arduinoespressif32/tools/sdk/esp32/include/bt/include/esp32/include -IC:/Users/micha/.platformio/packages/framework-arduinoespressif32/tools/sdk/esp32/include/bt/common/api/include/api -IC:/Users/micha/.platformio/packages/framework-arduinoespressif32/tools/sdk/esp32/include/bt/common/btc/profile/esp/blufi/include -IC:/Users/micha/.platformio/packages/framework-arduinoespressif32/tools/sdk/esp32/include/bt/common/btc/profile/esp/include -IC:/Users/micha/.platformio/packages/framework-arduinoespressif32/tools/sdk/esp32/include/bt/host/bluedroid/api/include/api -IC:/Users/micha/.platformio/packages/framework-arduinoespressif32/tools/sdk/esp32/include/bt/esp_ble_mesh/mesh_common/include -IC:/Users/micha/.platformio/packages/framework-arduinoespressif32/tools/sdk/esp32/include/bt/esp_ble_mesh/mesh_common/tinycrypt/include -IC:/Users/micha/.platformio/packages/framework-arduinoespressif32/tools/sdk/esp32/include/bt/esp_ble_mesh/mesh_core -IC:/Users/micha/.platformio/packages/framework-arduinoespressif32/tools/sdk/esp32/include/bt/esp_ble_mesh/mesh_core/include -IC:/Users/micha/.platformio/packages/framework-arduinoespressif32/tools/sdk/esp32/include/bt/esp_ble_mesh/mesh_core/storage -IC:/Users/micha/.platformio/packages/framework-arduinoespressif32/tools/sdk/esp32/include/bt/esp_ble_mesh/btc/include -IC:/Users/micha/.platformio/packages/framework-arduinoespressif32/tools/sdk/esp32/include/bt/esp_ble_mesh/mesh_models/common/include -IC:/Users/micha/.platformio/packages/framework-arduinoespressif32/tools/sdk/esp32/include/bt/esp_ble_mesh/mesh_models/client/include -IC:/Users/micha/.platformio/packages/framework-arduinoespressif32/tools/sdk/esp32/include/bt/esp_ble_mesh/mesh_models/server/include -IC:/Users/micha/.platformio/packages/framework-arduinoespressif32/tools/sdk/esp32/include/bt/esp_ble_mesh/api/core/include -IC:/Users/micha/.platformio/packages/framework-arduinoespressif32/tools/sdk/esp32/include/bt/esp_ble_mesh/api/models/include -IC:/Users/micha/.platformio/packages/framework-arduinoespressif32/tools/sdk/esp32/include/bt/esp_ble_mesh/api -IC:/Users/micha/.platformio/packages/framework-arduinoespressif32/tools/sdk/esp32/include/cbor/port/include -IC:/Users/micha/.platformio/packages/framework-arduinoespressif32/tools/sdk/esp32/include/unity/include -IC:/Users/micha/.platformio/packages/framework-arduinoespressif32/tools/sdk/esp32/include/unity/unity/src -IC:/Users/micha/.platformio/packages/framework-arduinoespressif32/tools/sdk/esp32/include/cmock/CMock/src -IC:/Users/micha/.platformio/packages/framework-arduinoespressif32/tools/sdk/esp32/include/coap/port/include -IC:/Users/micha/.platformio/packages/framework-arduinoespressif32/tools/sdk/esp32/include/coap/libcoap/include -IC:/Users/micha/.platformio/packages/framework-arduinoespressif32/tools/sdk/esp32/include/nghttp/port/include -IC:/Users/micha/.platformio/packages/framework-arduinoespressif32/tools/sdk/esp32/include/nghttp/nghttp2/lib/includes -IC:/Users/micha/.platformio/packages/framework-arduinoespressif32/tools/sdk/esp32/include/esp-tls -IC:/Users/micha/.platformio/packages/framework-arduinoespressif32/tools/sdk/esp32/include/esp-tls/esp-tls-crypto -IC:/Users/micha/.platformio/packages/framework-arduinoespressif32/tools/sdk/esp32/include/esp_adc_cal/include -IC:/Users/micha/.platformio/packages/framework-arduinoespressif32/tools/sdk/esp32/include/esp_hid/include -IC:/Users/micha/.platformio/packages/framework-arduinoespressif32/tools/sdk/esp32/include/tcp_transport/include -IC:/Users/micha/.platformio/packages/framework-arduinoespressif32/tools/sdk/esp32/include/esp_http_client/include -IC:/Users/micha/.platformio/packages/framework-arduinoespressif32/tools/sdk/esp32/include/esp_http_server/include -IC:/Users/micha/.platformio/packages/framework-arduinoespressif32/tools/sdk/esp32/include/esp_https_ota/include -IC:/Users/micha/.platformio/packages/framework-arduinoespressif32/tools/sdk/esp32/include/esp_https_server/include -IC:/Users/micha/.platformio/packages/framework-arduinoespressif32/tools/sdk/esp32/include/esp_lcd/include -IC:/Users/micha/.platformio/packages/framework-arduinoespressif32/tools/sdk/esp32/include/esp_lcd/interface -IC:/Users/micha/.platformio/packages/framework-arduinoespressif32/tools/sdk/esp32/include/protobuf-c/protobuf-c -IC:/Users/micha/.platformio/packages/framework-arduinoespressif32/tools/sdk/esp32/include/protocomm/include/common -IC:/Users/micha/.platformio/packages/framework-arduinoespressif32/tools/sdk/esp32/include/protocomm/include/security -IC:/Users/micha/.platformio/packages/framework-arduinoespressif32/tools/sdk/esp32/include/protocomm/include/transports -IC:/Users/micha/.platformio/packages/framework-arduinoespressif32/tools/sdk/esp32/include/mdns/include -IC:/Users/micha/.platformio/packages/framework-arduinoespressif32/tools/sdk/esp32/include/esp_local_ctrl/include -IC:/Users/micha/.platformio/packages/framework-arduinoespressif32/tools/sdk/esp32/include/sdmmc/include -IC:/Users/micha/.platformio/packages/framework-arduinoespressif32/tools/sdk/esp32/include/esp_serial_slave_link/include -IC:/Users/micha/.platformio/packages/framework-arduinoespressif32/tools/sdk/esp32/include/esp_websocket_client/include -IC:/Users/micha/.platformio/packages/framework-arduinoespressif32/tools/sdk/esp32/include/expat/expat/expat/lib -IC:/Users/micha/.platformio/packages/framework-arduinoespressif32/tools/sdk/esp32/include/expat/port/include -IC:/Users/micha/.platformio/packages/framework-arduinoespressif32/tools/sdk/esp32/include/wear_levelling/include -IC:/Users/micha/.platformio/packages/framework-arduinoespressif32/tools/sdk/esp32/include/fatfs/diskio -IC:/Users/micha/.platformio/packages/framework-arduinoespressif32/tools/sdk/esp32/include/fatfs/vfs -IC:/Users/micha/.platformio/packages/framework-arduinoespressif32/tools/sdk/esp32/include/fatfs/src -IC:/Users/micha/.platformio/packages/framework-arduinoespressif32/tools/sdk/esp32/include/freemodbus/freemodbus/common/include -IC:/Users/micha/.platformio/packages/framework-arduinoespressif32/tools/sdk/esp32/include/idf_test/include -IC:/Users/micha/.platformio/packages/framework-arduinoespressif32/tools/sdk/esp32/include/idf_test/include/esp32 -IC:/Users/micha/.platformio/packages/framework-arduinoespressif32/tools/sdk/esp32/include/jsmn/include -IC:/Users/micha/.platformio/packages/framework-arduinoespressif32/tools/sdk/esp32/include/json/cJSON -IC:/Users/micha/.platformio/packages/framework-arduinoespressif32/tools/sdk/esp32/include/libsodium/libsodium/src/libsodium/include -IC:/Users/micha/.platformio/packages/framework-arduinoespressif32/tools/sdk/esp32/include/libsodium/port_include -IC:/Users/micha/.platformio/packages/framework-arduinoespressif32/tools/sdk/esp32/include/mqtt/esp-mqtt/include -IC:/Users/micha/.platformio/packages/framework-arduinoespressif32/tools/sdk/esp32/include/openssl/include -IC:/Users/micha/.platformio/packages/framework-arduinoespressif32/tools/sdk/esp32/include/perfmon/include -IC:/Users/micha/.platformio/packages/framework-arduinoespressif32/tools/sdk/esp32/include/spiffs/include -IC:/Users/micha/.platformio/packages/framework-arduinoespressif32/tools/sdk/esp32/include/ulp/include -IC:/Users/micha/.platformio/packages/framework-arduinoespressif32/tools/sdk/esp32/include/wifi_provisioning/include -IC:/Users/micha/.platformio/packages/framework-arduinoespressif32/tools/sdk/esp32/include/rmaker_common/include -IC:/Users/micha/.platformio/packages/framework-arduinoespressif32/tools/sdk/esp32/include/esp_diagnostics/include -IC:/Users/micha/.platformio/packages/framework-arduinoespressif32/tools/sdk/esp32/include/rtc_store/include -IC:/Users/micha/.platformio/packages/framework-arduinoespressif32/tools/sdk/esp32/include/esp_insights/include -IC:/Users/micha/.platformio/packages/framework-arduinoespressif32/tools/sdk/esp32/include/json_parser/upstream/include -IC:/Users/micha/.platformio/packages/framework-arduinoespressif32/tools/sdk/esp32/include/json_parser/upstream -IC:/Users/micha/.platformio/packages/framework-arduinoespressif32/tools/sdk/esp32/include/json_generator/upstream -IC:/Users/micha/.platformio/packages/framework-arduinoespressif32/tools/sdk/esp32/include/esp_schedule/include -IC:/Users/micha/.platformio/packages/framework-arduinoespressif32/tools/sdk/esp32/include/espressif__esp_secure_cert_mgr/include -IC:/Users/micha/.platformio/packages/framework-arduinoespressif32/tools/sdk/esp32/include/esp_rainmaker/include -IC:/Users/micha/.platformio/packages/framework-arduinoespressif32/tools/sdk/esp32/include/gpio_button/button/include -IC:/Users/micha/.platformio/packages/framework-arduinoespressif32/tools/sdk/esp32/include/qrcode/include -IC:/Users/micha/.platformio/packages/framework-arduinoespressif32/tools/sdk/esp32/include/ws2812_led -IC:/Users/micha/.platformio/packages/framework-arduinoespressif32/tools/sdk/esp32/include/esp_littlefs/include -IC:/Users/micha/.platformio/packages/framework-arduinoespressif32/tools/sdk/esp32/include/esp-dl/include -IC:/Users/micha/.platformio/packages/framework-arduinoespressif32/tools/sdk/esp32/include/esp-dl/include/tool -IC:/Users/micha/.platformio/packages/framework-arduinoespressif32/tools/sdk/esp32/include/esp-dl/include/typedef -IC:/Users/micha/.platformio/packages/framework-arduinoespressif32/tools/sdk/esp32/include/esp-dl/include/image -IC:/Users/micha/.platformio/packages/framework-arduinoespressif32/tools/sdk/esp32/include/esp-dl/include/math -IC:/Users/micha/.platformio/packages/framework-arduinoespressif32/tools/sdk/esp32/include/esp-dl/include/nn -IC:/Users/micha/.platformio/packages/framework-arduinoespressif32/tools/sdk/esp32/include/esp-dl/include/layer -IC:/Users/micha/.platformio/packages/framework-arduinoespressif32/tools/sdk/esp32/include/esp-dl/include/detect -IC:/Users/micha/.platformio/packages/framework-arduinoespressif32/tools/sdk/esp32/include/esp-dl/include/model_zoo -IC:/Users/micha/.platformio/packages/framework-arduinoespressif32/tools/sdk/esp32/include/esp32-camera/driver/include -IC:/Users/micha/.platformio/packages/framework-arduinoespressif32/tools/sdk/esp32/include/esp32-camera/conversions/include -IC:/Users/micha/.platformio/packages/framework-arduinoespressif32/tools/sdk/esp32/include/espressif__esp-dsp/modules/dotprod/include -IC:/Users/micha/.platformio/packages/framework-arduinoespressif32/tools/sdk/esp32/include/espressif__esp-dsp/modules/support/include -IC:/Users/micha/.platformio/packages/framework-arduinoespressif32/tools/sdk/esp32/include/espressif__esp-dsp/modules/support/mem/include -IC:/Users/micha/.platformio/packages/framework-arduinoespressif32/tools/sdk/esp32/include/espressif__esp-dsp/modules/windows/include -IC:/Users/micha/.platformio/packages/framework-arduinoespressif32/tools/sdk/esp32/include/espressif__esp-dsp/modules/windows/hann/include -IC:/Users/micha/.platformio/packages/framework-arduinoespressif32/tools/sdk/esp32/include/espressif__esp-dsp/modules/windows/blackman/include -IC:/Users/micha/.platformio/packages/framework-arduinoespressif32/tools/sdk/esp32/include/espressif__esp-dsp/modules/windows/blackman_harris/include -IC:/Users/micha/.platformio/packages/framework-arduinoespressif32/tools/sdk/esp32/include/espressif__esp-dsp/modules/windows/blackman_nuttall/include -IC:/Users/micha/.platformio/packages/framework-arduinoespressif32/tools/sdk/esp32/include/espressif__esp-dsp/modules/windows/nuttall/include -IC:/Users/micha/.platformio/packages/framework-arduinoespressif32/tools/sdk/esp32/include/espressif__esp-dsp/modules/windows/flat_top/include -IC:/Users/micha/.platformio/packages/framework-arduinoespressif32/tools/sdk/esp32/include/espressif__esp-dsp/modules/iir/include -IC:/Users/micha/.platformio/packages/framework-arduinoespressif32/tools/sdk/esp32/include/espressif__esp-dsp/modules/fir/include -IC:/Users/micha/.platformio/packages/framework-arduinoespressif32/tools/sdk/esp32/include/espressif__esp-dsp/modules/math/include -IC:/Users/micha/.platformio/packages/framework-arduinoespressif32/tools/sdk/esp32/include/espressif__esp-dsp/modules/math/add/include -IC:/Users/micha/.platformio/packages/framework-arduinoespressif32/tools/sdk/esp32/include/espressif__esp-dsp/modules/math/sub/include -IC:/Users/micha/.platformio/packages/framework-arduinoespressif32/tools/sdk/esp32/include/espressif__esp-dsp/modules/math/mul/include -IC:/Users/micha/.platformio/packages/framework-arduinoespressif32/tools/sdk/esp32/include/espressif__esp-dsp/modules/math/addc/include -IC:/Users/micha/.platformio/packages/framework-arduinoespressif32/tools/sdk/esp32/include/espressif__esp-dsp/modules/math/mulc/include -IC:/Users/micha/.platformio/packages/framework-arduinoespressif32/tools/sdk/esp32/include/espressif__esp-dsp/modules/math/sqrt/include -IC:/Users/micha/.platformio/packages/framework-arduinoespressif32/tools/sdk/esp32/include/espressif__esp-dsp/modules/matrix/include -IC:/Users/micha/.platformio/packages/framework-arduinoespressif32/tools/sdk/esp32/include/espressif__esp-dsp/modules/fft/include -IC:/Users/micha/.platformio/packages/framework-arduinoespressif32/tools/sdk/esp32/include/espressif__esp-dsp/modules/dct/include -IC:/Users/micha/.platformio/packages/framework-arduinoespressif32/tools/sdk/esp32/include/espressif__esp-dsp/modules/conv/include -IC:/Users/micha/.platformio/packages/framework-arduinoespressif32/tools/sdk/esp32/include/espressif__esp-dsp/modules/common/include -IC:/Users/micha/.platformio/packages/framework-arduinoespressif32/tools/sdk/esp32/include/espressif__esp-dsp/modules/kalman/ekf/include -IC:/Users/micha/.platformio/packages/framework-arduinoespressif32/tools/sdk/esp32/include/espressif__esp-dsp/modules/kalman/ekf_imu13states/include -IC:/Users/micha/.platformio/packages/framework-arduinoespressif32/tools/sdk/esp32/include/fb_gfx/include -IC:/Users/micha/.platformio/packages/framework-arduinoespressif32/tools/sdk/esp32/dio_qspi/include -IC:/Users/micha/.platformio/packages/framework-arduinoespressif32/cores/esp32 -IC:/Users/micha/.platformio/packages/framework-arduinoespressif32/variants/esp32 C:/Users/micha/.platformio/packages/framework-arduinoespressif32/cores/esp32/stdlib_noniso.c
xtensa-esp32-elf-gcc @U:\GitHub\PulSar\.pioenvs\tg_cam__wroover_01\tmpsu_mit6p.tmp
Using tempfile U:\GitHub\PulSar\.pioenvs\tg_cam__wroover_01\tmpddwc3vmb.tmp for command line:
xtensa-esp32-elf-gcc -o .pioenvs/tg_cam__wroover_01/FrameworkArduino/wiring_pulse.c.o -c -Wno-frame-address -std=gnu99 -Wno-old-style-declaration -w -include sdkconfig_wroover.h -Os -mlongcalls -ffunction-sections -fdata-sections -Wno-error=unused-function -Wno-error=unused-variable -Wno-error=deprecated-declarations -Wno-unused-parameter -Wno-sign-compare -ggdb -freorder-blocks -Wwrite-strings -fstack-protector -fstrict-volatile-bitfields -Wno-error=unused-but-set-variable -fno-jump-tables -fno-tree-switch-conversion -MMD -DPLATFORMIO=60118 -DARDUINO_ESP32_DEV -DDEVICE_TESTGROUP__CAMERAS__WROOVER_E_LARGE_ESP32_BOARD -DUSE_USER_MICHAEL -DI2C_BUS_SPEED=400000 -DBOARD_HAS_PSRAM -DDEVICENAME_CTR=\"tg_cam__wroover_01\" "-DDEVICENAME_FRIENDLY_CTR=\"TestGroup Camera WROVER-E#Testbed\"" -DDEVICENAME_DESCRIPTION_CTR=\"ESP32;WROVER-E;Testbed\" -DD_MQTTSERVER_IP_ADDRESS_COMMA_DELIMITED=\"192.168.3.70\" -DSETTINGS_LOCATION=0x300000 -DSETTINGS_SIZE=0x10000 -DCORE_DEBUG_LEVEL=5 -DARDUINO_USB_CDC_ON_BOOT=1 -DARDUINO_USB_MODE=1 -DSerial=Serial0 -DENABLE_DEBUG_LINE_HERE3 -DENABLE_DEBUGFEATURE_LOGS__FORCE_FLUSH_ON_TRANSMIT -DDISABLE_LEDC_DEFINE_TO_PATCH_BUILD_ERROR_JUNE25 -DENABLE_IMMEDIATE_BOOT_SERIAL_PRINT_WHILE -DENABLE_DEBUGFEATURE_TIME__SHOW_UPTIME_EVERY_SECOND -DENABLE_DEBUG_MODULE_HARDWAREPINS_SUBSECTION_TEMPLATES -DHAVE_CONFIG_H -DMBEDTLS_CONFIG_FILE=\"mbedtls/esp_config.h\" -DUNITY_INCLUDE_CONFIG_H -DWITH_POSIX -D_GNU_SOURCE -DIDF_VER=\"v4.4.5\" -DESP_PLATFORM -D_POSIX_READER_WRITER_LOCKS -DARDUINO_ARCH_ESP32 -DESP32 -DF_CPU=240000000L -DARDUINO=10812 -DARDUINO_VARIANT=\"esp32\" "-DARDUINO_BOARD=\"Espressif ESP32 Dev Module\"" -DARDUINO_PARTITION_esp32_default -DARDUINO_CORE_BUILD -IC:/Users/micha/.platformio/packages/framework-arduinoespressif32/tools/sdk/esp32/include/newlib/platform_include -IC:/Users/micha/.platformio/packages/framework-arduinoespressif32/tools/sdk/esp32/include/freertos/include -IC:/Users/micha/.platformio/packages/framework-arduinoespressif32/tools/sdk/esp32/include/freertos/include/esp_additions/freertos -IC:/Users/micha/.platformio/packages/framework-arduinoespressif32/tools/sdk/esp32/include/freertos/port/xtensa/include -IC:/Users/micha/.platformio/packages/framework-arduinoespressif32/tools/sdk/esp32/include/freertos/include/esp_additions -IC:/Users/micha/.platformio/packages/framework-arduinoespressif32/tools/sdk/esp32/include/esp_hw_support/include -IC:/Users/micha/.platformio/packages/framework-arduinoespressif32/tools/sdk/esp32/include/esp_hw_support/include/soc -IC:/Users/micha/.platformio/packages/framework-arduinoespressif32/tools/sdk/esp32/include/esp_hw_support/include/soc/esp32 -IC:/Users/micha/.platformio/packages/framework-arduinoespressif32/tools/sdk/esp32/include/esp_hw_support/port/esp32 -IC:/Users/micha/.platformio/packages/framework-arduinoespressif32/tools/sdk/esp32/include/esp_hw_support/port/esp32/private_include -IC:/Users/micha/.platformio/packages/framework-arduinoespressif32/tools/sdk/esp32/include/heap/include -IC:/Users/micha/.platformio/packages/framework-arduinoespressif32/tools/sdk/esp32/include/log/include -IC:/Users/micha/.platformio/packages/framework-arduinoespressif32/tools/sdk/esp32/include/lwip/include/apps -IC:/Users/micha/.platformio/packages/framework-arduinoespressif32/tools/sdk/esp32/include/lwip/include/apps/sntp -IC:/Users/micha/.platformio/packages/framework-arduinoespressif32/tools/sdk/esp32/include/lwip/lwip/src/include -IC:/Users/micha/.platformio/packages/framework-arduinoespressif32/tools/sdk/esp32/include/lwip/port/esp32/include -IC:/Users/micha/.platformio/packages/framework-arduinoespressif32/tools/sdk/esp32/include/lwip/port/esp32/include/arch -IC:/Users/micha/.platformio/packages/framework-arduinoespressif32/tools/sdk/esp32/include/soc/include -IC:/Users/micha/.platformio/packages/framework-arduinoespressif32/tools/sdk/esp32/include/soc/esp32 -IC:/Users/micha/.platformio/packages/framework-arduinoespressif32/tools/sdk/esp32/include/soc/esp32/include -IC:/Users/micha/.platformio/packages/framework-arduinoespressif32/tools/sdk/esp32/include/hal/esp32/include -IC:/Users/micha/.platformio/packages/framework-arduinoespressif32/tools/sdk/esp32/include/hal/include -IC:/Users/micha/.platformio/packages/framework-arduinoespressif32/tools/sdk/esp32/include/hal/platform_port/include -IC:/Users/micha/.platformio/packages/framework-arduinoespressif32/tools/sdk/esp32/include/esp_rom/include -IC:/Users/micha/.platformio/packages/framework-arduinoespressif32/tools/sdk/esp32/include/esp_rom/include/esp32 -IC:/Users/micha/.platformio/packages/framework-arduinoespressif32/tools/sdk/esp32/include/esp_rom/esp32 -IC:/Users/micha/.platformio/packages/framework-arduinoespressif32/tools/sdk/esp32/include/esp_common/include -IC:/Users/micha/.platformio/packages/framework-arduinoespressif32/tools/sdk/esp32/include/esp_system/include -IC:/Users/micha/.platformio/packages/framework-arduinoespressif32/tools/sdk/esp32/include/esp_system/port/soc -IC:/Users/micha/.platformio/packages/framework-arduinoespressif32/tools/sdk/esp32/include/esp_system/port/public_compat -IC:/Users/micha/.platformio/packages/framework-arduinoespressif32/tools/sdk/esp32/include/esp32/include -IC:/Users/micha/.platformio/packages/framework-arduinoespressif32/tools/sdk/esp32/include/xtensa/include -IC:/Users/micha/.platformio/packages/framework-arduinoespressif32/tools/sdk/esp32/include/xtensa/esp32/include -IC:/Users/micha/.platformio/packages/framework-arduinoespressif32/tools/sdk/esp32/include/driver/include -IC:/Users/micha/.platformio/packages/framework-arduinoespressif32/tools/sdk/esp32/include/driver/esp32/include -IC:/Users/micha/.platformio/packages/framework-arduinoespressif32/tools/sdk/esp32/include/esp_pm/include -IC:/Users/micha/.platformio/packages/framework-arduinoespressif32/tools/sdk/esp32/include/esp_ringbuf/include -IC:/Users/micha/.platformio/packages/framework-arduinoespressif32/tools/sdk/esp32/include/efuse/include -IC:/Users/micha/.platformio/packages/framework-arduinoespressif32/tools/sdk/esp32/include/efuse/esp32/include -IC:/Users/micha/.platformio/packages/framework-arduinoespressif32/tools/sdk/esp32/include/vfs/include -IC:/Users/micha/.platformio/packages/framework-arduinoespressif32/tools/sdk/esp32/include/esp_wifi/include -IC:/Users/micha/.platformio/packages/framework-arduinoespressif32/tools/sdk/esp32/include/esp_event/include -IC:/Users/micha/.platformio/packages/framework-arduinoespressif32/tools/sdk/esp32/include/esp_netif/include -IC:/Users/micha/.platformio/packages/framework-arduinoespressif32/tools/sdk/esp32/include/esp_eth/include -IC:/Users/micha/.platformio/packages/framework-arduinoespressif32/tools/sdk/esp32/include/tcpip_adapter/include -IC:/Users/micha/.platformio/packages/framework-arduinoespressif32/tools/sdk/esp32/include/esp_phy/include -IC:/Users/micha/.platformio/packages/framework-arduinoespressif32/tools/sdk/esp32/include/esp_phy/esp32/include -IC:/Users/micha/.platformio/packages/framework-arduinoespressif32/tools/sdk/esp32/include/esp_ipc/include -IC:/Users/micha/.platformio/packages/framework-arduinoespressif32/tools/sdk/esp32/include/app_trace/include -IC:/Users/micha/.platformio/packages/framework-arduinoespressif32/tools/sdk/esp32/include/esp_timer/include -IC:/Users/micha/.platformio/packages/framework-arduinoespressif32/tools/sdk/esp32/include/mbedtls/port/include -IC:/Users/micha/.platformio/packages/framework-arduinoespressif32/tools/sdk/esp32/include/mbedtls/mbedtls/include -IC:/Users/micha/.platformio/packages/framework-arduinoespressif32/tools/sdk/esp32/include/mbedtls/esp_crt_bundle/include -IC:/Users/micha/.platformio/packages/framework-arduinoespressif32/tools/sdk/esp32/include/app_update/include -IC:/Users/micha/.platformio/packages/framework-arduinoespressif32/tools/sdk/esp32/include/spi_flash/include -IC:/Users/micha/.platformio/packages/framework-arduinoespressif32/tools/sdk/esp32/include/bootloader_support/include -IC:/Users/micha/.platformio/packages/framework-arduinoespressif32/tools/sdk/esp32/include/nvs_flash/include -IC:/Users/micha/.platformio/packages/framework-arduinoespressif32/tools/sdk/esp32/include/pthread/include -IC:/Users/micha/.platformio/packages/framework-arduinoespressif32/tools/sdk/esp32/include/esp_gdbstub/include -IC:/Users/micha/.platformio/packages/framework-arduinoespressif32/tools/sdk/esp32/include/esp_gdbstub/xtensa -IC:/Users/micha/.platformio/packages/framework-arduinoespressif32/tools/sdk/esp32/include/esp_gdbstub/esp32 -IC:/Users/micha/.platformio/packages/framework-arduinoespressif32/tools/sdk/esp32/include/espcoredump/include -IC:/Users/micha/.platformio/packages/framework-arduinoespressif32/tools/sdk/esp32/include/espcoredump/include/port/xtensa -IC:/Users/micha/.platformio/packages/framework-arduinoespressif32/tools/sdk/esp32/include/wpa_supplicant/include -IC:/Users/micha/.platformio/packages/framework-arduinoespressif32/tools/sdk/esp32/include/wpa_supplicant/port/include -IC:/Users/micha/.platformio/packages/framework-arduinoespressif32/tools/sdk/esp32/include/wpa_supplicant/esp_supplicant/include -IC:/Users/micha/.platformio/packages/framework-arduinoespressif32/tools/sdk/esp32/include/ieee802154/include -IC:/Users/micha/.platformio/packages/framework-arduinoespressif32/tools/sdk/esp32/include/console -IC:/Users/micha/.platformio/packages/framework-arduinoespressif32/tools/sdk/esp32/include/asio/asio/asio/include -IC:/Users/micha/.platformio/packages/framework-arduinoespressif32/tools/sdk/esp32/include/asio/port/include -IC:/Users/micha/.platformio/packages/framework-arduinoespressif32/tools/sdk/esp32/include/bt/common/osi/include -IC:/Users/micha/.platformio/packages/framework-arduinoespressif32/tools/sdk/esp32/include/bt/include/esp32/include -IC:/Users/micha/.platformio/packages/framework-arduinoespressif32/tools/sdk/esp32/include/bt/common/api/include/api -IC:/Users/micha/.platformio/packages/framework-arduinoespressif32/tools/sdk/esp32/include/bt/common/btc/profile/esp/blufi/include -IC:/Users/micha/.platformio/packages/framework-arduinoespressif32/tools/sdk/esp32/include/bt/common/btc/profile/esp/include -IC:/Users/micha/.platformio/packages/framework-arduinoespressif32/tools/sdk/esp32/include/bt/host/bluedroid/api/include/api -IC:/Users/micha/.platformio/packages/framework-arduinoespressif32/tools/sdk/esp32/include/bt/esp_ble_mesh/mesh_common/include -IC:/Users/micha/.platformio/packages/framework-arduinoespressif32/tools/sdk/esp32/include/bt/esp_ble_mesh/mesh_common/tinycrypt/include -IC:/Users/micha/.platformio/packages/framework-arduinoespressif32/tools/sdk/esp32/include/bt/esp_ble_mesh/mesh_core -IC:/Users/micha/.platformio/packages/framework-arduinoespressif32/tools/sdk/esp32/include/bt/esp_ble_mesh/mesh_core/include -IC:/Users/micha/.platformio/packages/framework-arduinoespressif32/tools/sdk/esp32/include/bt/esp_ble_mesh/mesh_core/storage -IC:/Users/micha/.platformio/packages/framework-arduinoespressif32/tools/sdk/esp32/include/bt/esp_ble_mesh/btc/include -IC:/Users/micha/.platformio/packages/framework-arduinoespressif32/tools/sdk/esp32/include/bt/esp_ble_mesh/mesh_models/common/include -IC:/Users/micha/.platformio/packages/framework-arduinoespressif32/tools/sdk/esp32/include/bt/esp_ble_mesh/mesh_models/client/include -IC:/Users/micha/.platformio/packages/framework-arduinoespressif32/tools/sdk/esp32/include/bt/esp_ble_mesh/mesh_models/server/include -IC:/Users/micha/.platformio/packages/framework-arduinoespressif32/tools/sdk/esp32/include/bt/esp_ble_mesh/api/core/include -IC:/Users/micha/.platformio/packages/framework-arduinoespressif32/tools/sdk/esp32/include/bt/esp_ble_mesh/api/models/include -IC:/Users/micha/.platformio/packages/framework-arduinoespressif32/tools/sdk/esp32/include/bt/esp_ble_mesh/api -IC:/Users/micha/.platformio/packages/framework-arduinoespressif32/tools/sdk/esp32/include/cbor/port/include -IC:/Users/micha/.platformio/packages/framework-arduinoespressif32/tools/sdk/esp32/include/unity/include -IC:/Users/micha/.platformio/packages/framework-arduinoespressif32/tools/sdk/esp32/include/unity/unity/src -IC:/Users/micha/.platformio/packages/framework-arduinoespressif32/tools/sdk/esp32/include/cmock/CMock/src -IC:/Users/micha/.platformio/packages/framework-arduinoespressif32/tools/sdk/esp32/include/coap/port/include -IC:/Users/micha/.platformio/packages/framework-arduinoespressif32/tools/sdk/esp32/include/coap/libcoap/include -IC:/Users/micha/.platformio/packages/framework-arduinoespressif32/tools/sdk/esp32/include/nghttp/port/include -IC:/Users/micha/.platformio/packages/framework-arduinoespressif32/tools/sdk/esp32/include/nghttp/nghttp2/lib/includes -IC:/Users/micha/.platformio/packages/framework-arduinoespressif32/tools/sdk/esp32/include/esp-tls -IC:/Users/micha/.platformio/packages/framework-arduinoespressif32/tools/sdk/esp32/include/esp-tls/esp-tls-crypto -IC:/Users/micha/.platformio/packages/framework-arduinoespressif32/tools/sdk/esp32/include/esp_adc_cal/include -IC:/Users/micha/.platformio/packages/framework-arduinoespressif32/tools/sdk/esp32/include/esp_hid/include -IC:/Users/micha/.platformio/packages/framework-arduinoespressif32/tools/sdk/esp32/include/tcp_transport/include -IC:/Users/micha/.platformio/packages/framework-arduinoespressif32/tools/sdk/esp32/include/esp_http_client/include -IC:/Users/micha/.platformio/packages/framework-arduinoespressif32/tools/sdk/esp32/include/esp_http_server/include -IC:/Users/micha/.platformio/packages/framework-arduinoespressif32/tools/sdk/esp32/include/esp_https_ota/include -IC:/Users/micha/.platformio/packages/framework-arduinoespressif32/tools/sdk/esp32/include/esp_https_server/include -IC:/Users/micha/.platformio/packages/framework-arduinoespressif32/tools/sdk/esp32/include/esp_lcd/include -IC:/Users/micha/.platformio/packages/framework-arduinoespressif32/tools/sdk/esp32/include/esp_lcd/interface -IC:/Users/micha/.platformio/packages/framework-arduinoespressif32/tools/sdk/esp32/include/protobuf-c/protobuf-c -IC:/Users/micha/.platformio/packages/framework-arduinoespressif32/tools/sdk/esp32/include/protocomm/include/common -IC:/Users/micha/.platformio/packages/framework-arduinoespressif32/tools/sdk/esp32/include/protocomm/include/security -IC:/Users/micha/.platformio/packages/framework-arduinoespressif32/tools/sdk/esp32/include/protocomm/include/transports -IC:/Users/micha/.platformio/packages/framework-arduinoespressif32/tools/sdk/esp32/include/mdns/include -IC:/Users/micha/.platformio/packages/framework-arduinoespressif32/tools/sdk/esp32/include/esp_local_ctrl/include -IC:/Users/micha/.platformio/packages/framework-arduinoespressif32/tools/sdk/esp32/include/sdmmc/include -IC:/Users/micha/.platformio/packages/framework-arduinoespressif32/tools/sdk/esp32/include/esp_serial_slave_link/include -IC:/Users/micha/.platformio/packages/framework-arduinoespressif32/tools/sdk/esp32/include/esp_websocket_client/include -IC:/Users/micha/.platformio/packages/framework-arduinoespressif32/tools/sdk/esp32/include/expat/expat/expat/lib -IC:/Users/micha/.platformio/packages/framework-arduinoespressif32/tools/sdk/esp32/include/expat/port/include -IC:/Users/micha/.platformio/packages/framework-arduinoespressif32/tools/sdk/esp32/include/wear_levelling/include -IC:/Users/micha/.platformio/packages/framework-arduinoespressif32/tools/sdk/esp32/include/fatfs/diskio -IC:/Users/micha/.platformio/packages/framework-arduinoespressif32/tools/sdk/esp32/include/fatfs/vfs -IC:/Users/micha/.platformio/packages/framework-arduinoespressif32/tools/sdk/esp32/include/fatfs/src -IC:/Users/micha/.platformio/packages/framework-arduinoespressif32/tools/sdk/esp32/include/freemodbus/freemodbus/common/include -IC:/Users/micha/.platformio/packages/framework-arduinoespressif32/tools/sdk/esp32/include/idf_test/include -IC:/Users/micha/.platformio/packages/framework-arduinoespressif32/tools/sdk/esp32/include/idf_test/include/esp32 -IC:/Users/micha/.platformio/packages/framework-arduinoespressif32/tools/sdk/esp32/include/jsmn/include -IC:/Users/micha/.platformio/packages/framework-arduinoespressif32/tools/sdk/esp32/include/json/cJSON -IC:/Users/micha/.platformio/packages/framework-arduinoespressif32/tools/sdk/esp32/include/libsodium/libsodium/src/libsodium/include -IC:/Users/micha/.platformio/packages/framework-arduinoespressif32/tools/sdk/esp32/include/libsodium/port_include -IC:/Users/micha/.platformio/packages/framework-arduinoespressif32/tools/sdk/esp32/include/mqtt/esp-mqtt/include -IC:/Users/micha/.platformio/packages/framework-arduinoespressif32/tools/sdk/esp32/include/openssl/include -IC:/Users/micha/.platformio/packages/framework-arduinoespressif32/tools/sdk/esp32/include/perfmon/include -IC:/Users/micha/.platformio/packages/framework-arduinoespressif32/tools/sdk/esp32/include/spiffs/include -IC:/Users/micha/.platformio/packages/framework-arduinoespressif32/tools/sdk/esp32/include/ulp/include -IC:/Users/micha/.platformio/packages/framework-arduinoespressif32/tools/sdk/esp32/include/wifi_provisioning/include -IC:/Users/micha/.platformio/packages/framework-arduinoespressif32/tools/sdk/esp32/include/rmaker_common/include -IC:/Users/micha/.platformio/packages/framework-arduinoespressif32/tools/sdk/esp32/include/esp_diagnostics/include -IC:/Users/micha/.platformio/packages/framework-arduinoespressif32/tools/sdk/esp32/include/rtc_store/include -IC:/Users/micha/.platformio/packages/framework-arduinoespressif32/tools/sdk/esp32/include/esp_insights/include -IC:/Users/micha/.platformio/packages/framework-arduinoespressif32/tools/sdk/esp32/include/json_parser/upstream/include -IC:/Users/micha/.platformio/packages/framework-arduinoespressif32/tools/sdk/esp32/include/json_parser/upstream -IC:/Users/micha/.platformio/packages/framework-arduinoespressif32/tools/sdk/esp32/include/json_generator/upstream -IC:/Users/micha/.platformio/packages/framework-arduinoespressif32/tools/sdk/esp32/include/esp_schedule/include -IC:/Users/micha/.platformio/packages/framework-arduinoespressif32/tools/sdk/esp32/include/espressif__esp_secure_cert_mgr/include -IC:/Users/micha/.platformio/packages/framework-arduinoespressif32/tools/sdk/esp32/include/esp_rainmaker/include -IC:/Users/micha/.platformio/packages/framework-arduinoespressif32/tools/sdk/esp32/include/gpio_button/button/include -IC:/Users/micha/.platformio/packages/framework-arduinoespressif32/tools/sdk/esp32/include/qrcode/include -IC:/Users/micha/.platformio/packages/framework-arduinoespressif32/tools/sdk/esp32/include/ws2812_led -IC:/Users/micha/.platformio/packages/framework-arduinoespressif32/tools/sdk/esp32/include/esp_littlefs/include -IC:/Users/micha/.platformio/packages/framework-arduinoespressif32/tools/sdk/esp32/include/esp-dl/include -IC:/Users/micha/.platformio/packages/framework-arduinoespressif32/tools/sdk/esp32/include/esp-dl/include/tool -IC:/Users/micha/.platformio/packages/framework-arduinoespressif32/tools/sdk/esp32/include/esp-dl/include/typedef -IC:/Users/micha/.platformio/packages/framework-arduinoespressif32/tools/sdk/esp32/include/esp-dl/include/image -IC:/Users/micha/.platformio/packages/framework-arduinoespressif32/tools/sdk/esp32/include/esp-dl/include/math -IC:/Users/micha/.platformio/packages/framework-arduinoespressif32/tools/sdk/esp32/include/esp-dl/include/nn -IC:/Users/micha/.platformio/packages/framework-arduinoespressif32/tools/sdk/esp32/include/esp-dl/include/layer -IC:/Users/micha/.platformio/packages/framework-arduinoespressif32/tools/sdk/esp32/include/esp-dl/include/detect -IC:/Users/micha/.platformio/packages/framework-arduinoespressif32/tools/sdk/esp32/include/esp-dl/include/model_zoo -IC:/Users/micha/.platformio/packages/framework-arduinoespressif32/tools/sdk/esp32/include/esp32-camera/driver/include -IC:/Users/micha/.platformio/packages/framework-arduinoespressif32/tools/sdk/esp32/include/esp32-camera/conversions/include -IC:/Users/micha/.platformio/packages/framework-arduinoespressif32/tools/sdk/esp32/include/espressif__esp-dsp/modules/dotprod/include -IC:/Users/micha/.platformio/packages/framework-arduinoespressif32/tools/sdk/esp32/include/espressif__esp-dsp/modules/support/include -IC:/Users/micha/.platformio/packages/framework-arduinoespressif32/tools/sdk/esp32/include/espressif__esp-dsp/modules/support/mem/include -IC:/Users/micha/.platformio/packages/framework-arduinoespressif32/tools/sdk/esp32/include/espressif__esp-dsp/modules/windows/include -IC:/Users/micha/.platformio/packages/framework-arduinoespressif32/tools/sdk/esp32/include/espressif__esp-dsp/modules/windows/hann/include -IC:/Users/micha/.platformio/packages/framework-arduinoespressif32/tools/sdk/esp32/include/espressif__esp-dsp/modules/windows/blackman/include -IC:/Users/micha/.platformio/packages/framework-arduinoespressif32/tools/sdk/esp32/include/espressif__esp-dsp/modules/windows/blackman_harris/include -IC:/Users/micha/.platformio/packages/framework-arduinoespressif32/tools/sdk/esp32/include/espressif__esp-dsp/modules/windows/blackman_nuttall/include -IC:/Users/micha/.platformio/packages/framework-arduinoespressif32/tools/sdk/esp32/include/espressif__esp-dsp/modules/windows/nuttall/include -IC:/Users/micha/.platformio/packages/framework-arduinoespressif32/tools/sdk/esp32/include/espressif__esp-dsp/modules/windows/flat_top/include -IC:/Users/micha/.platformio/packages/framework-arduinoespressif32/tools/sdk/esp32/include/espressif__esp-dsp/modules/iir/include -IC:/Users/micha/.platformio/packages/framework-arduinoespressif32/tools/sdk/esp32/include/espressif__esp-dsp/modules/fir/include -IC:/Users/micha/.platformio/packages/framework-arduinoespressif32/tools/sdk/esp32/include/espressif__esp-dsp/modules/math/include -IC:/Users/micha/.platformio/packages/framework-arduinoespressif32/tools/sdk/esp32/include/espressif__esp-dsp/modules/math/add/include -IC:/Users/micha/.platformio/packages/framework-arduinoespressif32/tools/sdk/esp32/include/espressif__esp-dsp/modules/math/sub/include -IC:/Users/micha/.platformio/packages/framework-arduinoespressif32/tools/sdk/esp32/include/espressif__esp-dsp/modules/math/mul/include -IC:/Users/micha/.platformio/packages/framework-arduinoespressif32/tools/sdk/esp32/include/espressif__esp-dsp/modules/math/addc/include -IC:/Users/micha/.platformio/packages/framework-arduinoespressif32/tools/sdk/esp32/include/espressif__esp-dsp/modules/math/mulc/include -IC:/Users/micha/.platformio/packages/framework-arduinoespressif32/tools/sdk/esp32/include/espressif__esp-dsp/modules/math/sqrt/include -IC:/Users/micha/.platformio/packages/framework-arduinoespressif32/tools/sdk/esp32/include/espressif__esp-dsp/modules/matrix/include -IC:/Users/micha/.platformio/packages/framework-arduinoespressif32/tools/sdk/esp32/include/espressif__esp-dsp/modules/fft/include -IC:/Users/micha/.platformio/packages/framework-arduinoespressif32/tools/sdk/esp32/include/espressif__esp-dsp/modules/dct/include -IC:/Users/micha/.platformio/packages/framework-arduinoespressif32/tools/sdk/esp32/include/espressif__esp-dsp/modules/conv/include -IC:/Users/micha/.platformio/packages/framework-arduinoespressif32/tools/sdk/esp32/include/espressif__esp-dsp/modules/common/include -IC:/Users/micha/.platformio/packages/framework-arduinoespressif32/tools/sdk/esp32/include/espressif__esp-dsp/modules/kalman/ekf/include -IC:/Users/micha/.platformio/packages/framework-arduinoespressif32/tools/sdk/esp32/include/espressif__esp-dsp/modules/kalman/ekf_imu13states/include -IC:/Users/micha/.platformio/packages/framework-arduinoespressif32/tools/sdk/esp32/include/fb_gfx/include -IC:/Users/micha/.platformio/packages/framework-arduinoespressif32/tools/sdk/esp32/dio_qspi/include -IC:/Users/micha/.platformio/packages/framework-arduinoespressif32/cores/esp32 -IC:/Users/micha/.platformio/packages/framework-arduinoespressif32/variants/esp32 C:/Users/micha/.platformio/packages/framework-arduinoespressif32/cores/esp32/wiring_pulse.c
xtensa-esp32-elf-gcc @U:\GitHub\PulSar\.pioenvs\tg_cam__wroover_01\tmpddwc3vmb.tmp
Using tempfile U:\GitHub\PulSar\.pioenvs\tg_cam__wroover_01\tmpd45ik0rz.tmp for command line:
xtensa-esp32-elf-gcc -o .pioenvs/tg_cam__wroover_01/FrameworkArduino/wiring_shift.c.o -c -Wno-frame-address -std=gnu99 -Wno-old-style-declaration -w -include sdkconfig_wroover.h -Os -mlongcalls -ffunction-sections -fdata-sections -Wno-error=unused-function -Wno-error=unused-variable -Wno-error=deprecated-declarations -Wno-unused-parameter -Wno-sign-compare -ggdb -freorder-blocks -Wwrite-strings -fstack-protector -fstrict-volatile-bitfields -Wno-error=unused-but-set-variable -fno-jump-tables -fno-tree-switch-conversion -MMD -DPLATFORMIO=60118 -DARDUINO_ESP32_DEV -DDEVICE_TESTGROUP__CAMERAS__WROOVER_E_LARGE_ESP32_BOARD -DUSE_USER_MICHAEL -DI2C_BUS_SPEED=400000 -DBOARD_HAS_PSRAM -DDEVICENAME_CTR=\"tg_cam__wroover_01\" "-DDEVICENAME_FRIENDLY_CTR=\"TestGroup Camera WROVER-E#Testbed\"" -DDEVICENAME_DESCRIPTION_CTR=\"ESP32;WROVER-E;Testbed\" -DD_MQTTSERVER_IP_ADDRESS_COMMA_DELIMITED=\"192.168.3.70\" -DSETTINGS_LOCATION=0x300000 -DSETTINGS_SIZE=0x10000 -DCORE_DEBUG_LEVEL=5 -DARDUINO_USB_CDC_ON_BOOT=1 -DARDUINO_USB_MODE=1 -DSerial=Serial0 -DENABLE_DEBUG_LINE_HERE3 -DENABLE_DEBUGFEATURE_LOGS__FORCE_FLUSH_ON_TRANSMIT -DDISABLE_LEDC_DEFINE_TO_PATCH_BUILD_ERROR_JUNE25 -DENABLE_IMMEDIATE_BOOT_SERIAL_PRINT_WHILE -DENABLE_DEBUGFEATURE_TIME__SHOW_UPTIME_EVERY_SECOND -DENABLE_DEBUG_MODULE_HARDWAREPINS_SUBSECTION_TEMPLATES -DHAVE_CONFIG_H -DMBEDTLS_CONFIG_FILE=\"mbedtls/esp_config.h\" -DUNITY_INCLUDE_CONFIG_H -DWITH_POSIX -D_GNU_SOURCE -DIDF_VER=\"v4.4.5\" -DESP_PLATFORM -D_POSIX_READER_WRITER_LOCKS -DARDUINO_ARCH_ESP32 -DESP32 -DF_CPU=240000000L -DARDUINO=10812 -DARDUINO_VARIANT=\"esp32\" "-DARDUINO_BOARD=\"Espressif ESP32 Dev Module\"" -DARDUINO_PARTITION_esp32_default -DARDUINO_CORE_BUILD -IC:/Users/micha/.platformio/packages/framework-arduinoespressif32/tools/sdk/esp32/include/newlib/platform_include -IC:/Users/micha/.platformio/packages/framework-arduinoespressif32/tools/sdk/esp32/include/freertos/include -IC:/Users/micha/.platformio/packages/framework-arduinoespressif32/tools/sdk/esp32/include/freertos/include/esp_additions/freertos -IC:/Users/micha/.platformio/packages/framework-arduinoespressif32/tools/sdk/esp32/include/freertos/port/xtensa/include -IC:/Users/micha/.platformio/packages/framework-arduinoespressif32/tools/sdk/esp32/include/freertos/include/esp_additions -IC:/Users/micha/.platformio/packages/framework-arduinoespressif32/tools/sdk/esp32/include/esp_hw_support/include -IC:/Users/micha/.platformio/packages/framework-arduinoespressif32/tools/sdk/esp32/include/esp_hw_support/include/soc -IC:/Users/micha/.platformio/packages/framework-arduinoespressif32/tools/sdk/esp32/include/esp_hw_support/include/soc/esp32 -IC:/Users/micha/.platformio/packages/framework-arduinoespressif32/tools/sdk/esp32/include/esp_hw_support/port/esp32 -IC:/Users/micha/.platformio/packages/framework-arduinoespressif32/tools/sdk/esp32/include/esp_hw_support/port/esp32/private_include -IC:/Users/micha/.platformio/packages/framework-arduinoespressif32/tools/sdk/esp32/include/heap/include -IC:/Users/micha/.platformio/packages/framework-arduinoespressif32/tools/sdk/esp32/include/log/include -IC:/Users/micha/.platformio/packages/framework-arduinoespressif32/tools/sdk/esp32/include/lwip/include/apps -IC:/Users/micha/.platformio/packages/framework-arduinoespressif32/tools/sdk/esp32/include/lwip/include/apps/sntp -IC:/Users/micha/.platformio/packages/framework-arduinoespressif32/tools/sdk/esp32/include/lwip/lwip/src/include -IC:/Users/micha/.platformio/packages/framework-arduinoespressif32/tools/sdk/esp32/include/lwip/port/esp32/include -IC:/Users/micha/.platformio/packages/framework-arduinoespressif32/tools/sdk/esp32/include/lwip/port/esp32/include/arch -IC:/Users/micha/.platformio/packages/framework-arduinoespressif32/tools/sdk/esp32/include/soc/include -IC:/Users/micha/.platformio/packages/framework-arduinoespressif32/tools/sdk/esp32/include/soc/esp32 -IC:/Users/micha/.platformio/packages/framework-arduinoespressif32/tools/sdk/esp32/include/soc/esp32/include -IC:/Users/micha/.platformio/packages/framework-arduinoespressif32/tools/sdk/esp32/include/hal/esp32/include -IC:/Users/micha/.platformio/packages/framework-arduinoespressif32/tools/sdk/esp32/include/hal/include -IC:/Users/micha/.platformio/packages/framework-arduinoespressif32/tools/sdk/esp32/include/hal/platform_port/include -IC:/Users/micha/.platformio/packages/framework-arduinoespressif32/tools/sdk/esp32/include/esp_rom/include -IC:/Users/micha/.platformio/packages/framework-arduinoespressif32/tools/sdk/esp32/include/esp_rom/include/esp32 -IC:/Users/micha/.platformio/packages/framework-arduinoespressif32/tools/sdk/esp32/include/esp_rom/esp32 -IC:/Users/micha/.platformio/packages/framework-arduinoespressif32/tools/sdk/esp32/include/esp_common/include -IC:/Users/micha/.platformio/packages/framework-arduinoespressif32/tools/sdk/esp32/include/esp_system/include -IC:/Users/micha/.platformio/packages/framework-arduinoespressif32/tools/sdk/esp32/include/esp_system/port/soc -IC:/Users/micha/.platformio/packages/framework-arduinoespressif32/tools/sdk/esp32/include/esp_system/port/public_compat -IC:/Users/micha/.platformio/packages/framework-arduinoespressif32/tools/sdk/esp32/include/esp32/include -IC:/Users/micha/.platformio/packages/framework-arduinoespressif32/tools/sdk/esp32/include/xtensa/include -IC:/Users/micha/.platformio/packages/framework-arduinoespressif32/tools/sdk/esp32/include/xtensa/esp32/include -IC:/Users/micha/.platformio/packages/framework-arduinoespressif32/tools/sdk/esp32/include/driver/include -IC:/Users/micha/.platformio/packages/framework-arduinoespressif32/tools/sdk/esp32/include/driver/esp32/include -IC:/Users/micha/.platformio/packages/framework-arduinoespressif32/tools/sdk/esp32/include/esp_pm/include -IC:/Users/micha/.platformio/packages/framework-arduinoespressif32/tools/sdk/esp32/include/esp_ringbuf/include -IC:/Users/micha/.platformio/packages/framework-arduinoespressif32/tools/sdk/esp32/include/efuse/include -IC:/Users/micha/.platformio/packages/framework-arduinoespressif32/tools/sdk/esp32/include/efuse/esp32/include -IC:/Users/micha/.platformio/packages/framework-arduinoespressif32/tools/sdk/esp32/include/vfs/include -IC:/Users/micha/.platformio/packages/framework-arduinoespressif32/tools/sdk/esp32/include/esp_wifi/include -IC:/Users/micha/.platformio/packages/framework-arduinoespressif32/tools/sdk/esp32/include/esp_event/include -IC:/Users/micha/.platformio/packages/framework-arduinoespressif32/tools/sdk/esp32/include/esp_netif/include -IC:/Users/micha/.platformio/packages/framework-arduinoespressif32/tools/sdk/esp32/include/esp_eth/include -IC:/Users/micha/.platformio/packages/framework-arduinoespressif32/tools/sdk/esp32/include/tcpip_adapter/include -IC:/Users/micha/.platformio/packages/framework-arduinoespressif32/tools/sdk/esp32/include/esp_phy/include -IC:/Users/micha/.platformio/packages/framework-arduinoespressif32/tools/sdk/esp32/include/esp_phy/esp32/include -IC:/Users/micha/.platformio/packages/framework-arduinoespressif32/tools/sdk/esp32/include/esp_ipc/include -IC:/Users/micha/.platformio/packages/framework-arduinoespressif32/tools/sdk/esp32/include/app_trace/include -IC:/Users/micha/.platformio/packages/framework-arduinoespressif32/tools/sdk/esp32/include/esp_timer/include -IC:/Users/micha/.platformio/packages/framework-arduinoespressif32/tools/sdk/esp32/include/mbedtls/port/include -IC:/Users/micha/.platformio/packages/framework-arduinoespressif32/tools/sdk/esp32/include/mbedtls/mbedtls/include -IC:/Users/micha/.platformio/packages/framework-arduinoespressif32/tools/sdk/esp32/include/mbedtls/esp_crt_bundle/include -IC:/Users/micha/.platformio/packages/framework-arduinoespressif32/tools/sdk/esp32/include/app_update/include -IC:/Users/micha/.platformio/packages/framework-arduinoespressif32/tools/sdk/esp32/include/spi_flash/include -IC:/Users/micha/.platformio/packages/framework-arduinoespressif32/tools/sdk/esp32/include/bootloader_support/include -IC:/Users/micha/.platformio/packages/framework-arduinoespressif32/tools/sdk/esp32/include/nvs_flash/include -IC:/Users/micha/.platformio/packages/framework-arduinoespressif32/tools/sdk/esp32/include/pthread/include -IC:/Users/micha/.platformio/packages/framework-arduinoespressif32/tools/sdk/esp32/include/esp_gdbstub/include -IC:/Users/micha/.platformio/packages/framework-arduinoespressif32/tools/sdk/esp32/include/esp_gdbstub/xtensa -IC:/Users/micha/.platformio/packages/framework-arduinoespressif32/tools/sdk/esp32/include/esp_gdbstub/esp32 -IC:/Users/micha/.platformio/packages/framework-arduinoespressif32/tools/sdk/esp32/include/espcoredump/include -IC:/Users/micha/.platformio/packages/framework-arduinoespressif32/tools/sdk/esp32/include/espcoredump/include/port/xtensa -IC:/Users/micha/.platformio/packages/framework-arduinoespressif32/tools/sdk/esp32/include/wpa_supplicant/include -IC:/Users/micha/.platformio/packages/framework-arduinoespressif32/tools/sdk/esp32/include/wpa_supplicant/port/include -IC:/Users/micha/.platformio/packages/framework-arduinoespressif32/tools/sdk/esp32/include/wpa_supplicant/esp_supplicant/include -IC:/Users/micha/.platformio/packages/framework-arduinoespressif32/tools/sdk/esp32/include/ieee802154/include -IC:/Users/micha/.platformio/packages/framework-arduinoespressif32/tools/sdk/esp32/include/console -IC:/Users/micha/.platformio/packages/framework-arduinoespressif32/tools/sdk/esp32/include/asio/asio/asio/include -IC:/Users/micha/.platformio/packages/framework-arduinoespressif32/tools/sdk/esp32/include/asio/port/include -IC:/Users/micha/.platformio/packages/framework-arduinoespressif32/tools/sdk/esp32/include/bt/common/osi/include -IC:/Users/micha/.platformio/packages/framework-arduinoespressif32/tools/sdk/esp32/include/bt/include/esp32/include -IC:/Users/micha/.platformio/packages/framework-arduinoespressif32/tools/sdk/esp32/include/bt/common/api/include/api -IC:/Users/micha/.platformio/packages/framework-arduinoespressif32/tools/sdk/esp32/include/bt/common/btc/profile/esp/blufi/include -IC:/Users/micha/.platformio/packages/framework-arduinoespressif32/tools/sdk/esp32/include/bt/common/btc/profile/esp/include -IC:/Users/micha/.platformio/packages/framework-arduinoespressif32/tools/sdk/esp32/include/bt/host/bluedroid/api/include/api -IC:/Users/micha/.platformio/packages/framework-arduinoespressif32/tools/sdk/esp32/include/bt/esp_ble_mesh/mesh_common/include -IC:/Users/micha/.platformio/packages/framework-arduinoespressif32/tools/sdk/esp32/include/bt/esp_ble_mesh/mesh_common/tinycrypt/include -IC:/Users/micha/.platformio/packages/framework-arduinoespressif32/tools/sdk/esp32/include/bt/esp_ble_mesh/mesh_core -IC:/Users/micha/.platformio/packages/framework-arduinoespressif32/tools/sdk/esp32/include/bt/esp_ble_mesh/mesh_core/include -IC:/Users/micha/.platformio/packages/framework-arduinoespressif32/tools/sdk/esp32/include/bt/esp_ble_mesh/mesh_core/storage -IC:/Users/micha/.platformio/packages/framework-arduinoespressif32/tools/sdk/esp32/include/bt/esp_ble_mesh/btc/include -IC:/Users/micha/.platformio/packages/framework-arduinoespressif32/tools/sdk/esp32/include/bt/esp_ble_mesh/mesh_models/common/include -IC:/Users/micha/.platformio/packages/framework-arduinoespressif32/tools/sdk/esp32/include/bt/esp_ble_mesh/mesh_models/client/include -IC:/Users/micha/.platformio/packages/framework-arduinoespressif32/tools/sdk/esp32/include/bt/esp_ble_mesh/mesh_models/server/include -IC:/Users/micha/.platformio/packages/framework-arduinoespressif32/tools/sdk/esp32/include/bt/esp_ble_mesh/api/core/include -IC:/Users/micha/.platformio/packages/framework-arduinoespressif32/tools/sdk/esp32/include/bt/esp_ble_mesh/api/models/include -IC:/Users/micha/.platformio/packages/framework-arduinoespressif32/tools/sdk/esp32/include/bt/esp_ble_mesh/api -IC:/Users/micha/.platformio/packages/framework-arduinoespressif32/tools/sdk/esp32/include/cbor/port/include -IC:/Users/micha/.platformio/packages/framework-arduinoespressif32/tools/sdk/esp32/include/unity/include -IC:/Users/micha/.platformio/packages/framework-arduinoespressif32/tools/sdk/esp32/include/unity/unity/src -IC:/Users/micha/.platformio/packages/framework-arduinoespressif32/tools/sdk/esp32/include/cmock/CMock/src -IC:/Users/micha/.platformio/packages/framework-arduinoespressif32/tools/sdk/esp32/include/coap/port/include -IC:/Users/micha/.platformio/packages/framework-arduinoespressif32/tools/sdk/esp32/include/coap/libcoap/include -IC:/Users/micha/.platformio/packages/framework-arduinoespressif32/tools/sdk/esp32/include/nghttp/port/include -IC:/Users/micha/.platformio/packages/framework-arduinoespressif32/tools/sdk/esp32/include/nghttp/nghttp2/lib/includes -IC:/Users/micha/.platformio/packages/framework-arduinoespressif32/tools/sdk/esp32/include/esp-tls -IC:/Users/micha/.platformio/packages/framework-arduinoespressif32/tools/sdk/esp32/include/esp-tls/esp-tls-crypto -IC:/Users/micha/.platformio/packages/framework-arduinoespressif32/tools/sdk/esp32/include/esp_adc_cal/include -IC:/Users/micha/.platformio/packages/framework-arduinoespressif32/tools/sdk/esp32/include/esp_hid/include -IC:/Users/micha/.platformio/packages/framework-arduinoespressif32/tools/sdk/esp32/include/tcp_transport/include -IC:/Users/micha/.platformio/packages/framework-arduinoespressif32/tools/sdk/esp32/include/esp_http_client/include -IC:/Users/micha/.platformio/packages/framework-arduinoespressif32/tools/sdk/esp32/include/esp_http_server/include -IC:/Users/micha/.platformio/packages/framework-arduinoespressif32/tools/sdk/esp32/include/esp_https_ota/include -IC:/Users/micha/.platformio/packages/framework-arduinoespressif32/tools/sdk/esp32/include/esp_https_server/include -IC:/Users/micha/.platformio/packages/framework-arduinoespressif32/tools/sdk/esp32/include/esp_lcd/include -IC:/Users/micha/.platformio/packages/framework-arduinoespressif32/tools/sdk/esp32/include/esp_lcd/interface -IC:/Users/micha/.platformio/packages/framework-arduinoespressif32/tools/sdk/esp32/include/protobuf-c/protobuf-c -IC:/Users/micha/.platformio/packages/framework-arduinoespressif32/tools/sdk/esp32/include/protocomm/include/common -IC:/Users/micha/.platformio/packages/framework-arduinoespressif32/tools/sdk/esp32/include/protocomm/include/security -IC:/Users/micha/.platformio/packages/framework-arduinoespressif32/tools/sdk/esp32/include/protocomm/include/transports -IC:/Users/micha/.platformio/packages/framework-arduinoespressif32/tools/sdk/esp32/include/mdns/include -IC:/Users/micha/.platformio/packages/framework-arduinoespressif32/tools/sdk/esp32/include/esp_local_ctrl/include -IC:/Users/micha/.platformio/packages/framework-arduinoespressif32/tools/sdk/esp32/include/sdmmc/include -IC:/Users/micha/.platformio/packages/framework-arduinoespressif32/tools/sdk/esp32/include/esp_serial_slave_link/include -IC:/Users/micha/.platformio/packages/framework-arduinoespressif32/tools/sdk/esp32/include/esp_websocket_client/include -IC:/Users/micha/.platformio/packages/framework-arduinoespressif32/tools/sdk/esp32/include/expat/expat/expat/lib -IC:/Users/micha/.platformio/packages/framework-arduinoespressif32/tools/sdk/esp32/include/expat/port/include -IC:/Users/micha/.platformio/packages/framework-arduinoespressif32/tools/sdk/esp32/include/wear_levelling/include -IC:/Users/micha/.platformio/packages/framework-arduinoespressif32/tools/sdk/esp32/include/fatfs/diskio -IC:/Users/micha/.platformio/packages/framework-arduinoespressif32/tools/sdk/esp32/include/fatfs/vfs -IC:/Users/micha/.platformio/packages/framework-arduinoespressif32/tools/sdk/esp32/include/fatfs/src -IC:/Users/micha/.platformio/packages/framework-arduinoespressif32/tools/sdk/esp32/include/freemodbus/freemodbus/common/include -IC:/Users/micha/.platformio/packages/framework-arduinoespressif32/tools/sdk/esp32/include/idf_test/include -IC:/Users/micha/.platformio/packages/framework-arduinoespressif32/tools/sdk/esp32/include/idf_test/include/esp32 -IC:/Users/micha/.platformio/packages/framework-arduinoespressif32/tools/sdk/esp32/include/jsmn/include -IC:/Users/micha/.platformio/packages/framework-arduinoespressif32/tools/sdk/esp32/include/json/cJSON -IC:/Users/micha/.platformio/packages/framework-arduinoespressif32/tools/sdk/esp32/include/libsodium/libsodium/src/libsodium/include -IC:/Users/micha/.platformio/packages/framework-arduinoespressif32/tools/sdk/esp32/include/libsodium/port_include -IC:/Users/micha/.platformio/packages/framework-arduinoespressif32/tools/sdk/esp32/include/mqtt/esp-mqtt/include -IC:/Users/micha/.platformio/packages/framework-arduinoespressif32/tools/sdk/esp32/include/openssl/include -IC:/Users/micha/.platformio/packages/framework-arduinoespressif32/tools/sdk/esp32/include/perfmon/include -IC:/Users/micha/.platformio/packages/framework-arduinoespressif32/tools/sdk/esp32/include/spiffs/include -IC:/Users/micha/.platformio/packages/framework-arduinoespressif32/tools/sdk/esp32/include/ulp/include -IC:/Users/micha/.platformio/packages/framework-arduinoespressif32/tools/sdk/esp32/include/wifi_provisioning/include -IC:/Users/micha/.platformio/packages/framework-arduinoespressif32/tools/sdk/esp32/include/rmaker_common/include -IC:/Users/micha/.platformio/packages/framework-arduinoespressif32/tools/sdk/esp32/include/esp_diagnostics/include -IC:/Users/micha/.platformio/packages/framework-arduinoespressif32/tools/sdk/esp32/include/rtc_store/include -IC:/Users/micha/.platformio/packages/framework-arduinoespressif32/tools/sdk/esp32/include/esp_insights/include -IC:/Users/micha/.platformio/packages/framework-arduinoespressif32/tools/sdk/esp32/include/json_parser/upstream/include -IC:/Users/micha/.platformio/packages/framework-arduinoespressif32/tools/sdk/esp32/include/json_parser/upstream -IC:/Users/micha/.platformio/packages/framework-arduinoespressif32/tools/sdk/esp32/include/json_generator/upstream -IC:/Users/micha/.platformio/packages/framework-arduinoespressif32/tools/sdk/esp32/include/esp_schedule/include -IC:/Users/micha/.platformio/packages/framework-arduinoespressif32/tools/sdk/esp32/include/espressif__esp_secure_cert_mgr/include -IC:/Users/micha/.platformio/packages/framework-arduinoespressif32/tools/sdk/esp32/include/esp_rainmaker/include -IC:/Users/micha/.platformio/packages/framework-arduinoespressif32/tools/sdk/esp32/include/gpio_button/button/include -IC:/Users/micha/.platformio/packages/framework-arduinoespressif32/tools/sdk/esp32/include/qrcode/include -IC:/Users/micha/.platformio/packages/framework-arduinoespressif32/tools/sdk/esp32/include/ws2812_led -IC:/Users/micha/.platformio/packages/framework-arduinoespressif32/tools/sdk/esp32/include/esp_littlefs/include -IC:/Users/micha/.platformio/packages/framework-arduinoespressif32/tools/sdk/esp32/include/esp-dl/include -IC:/Users/micha/.platformio/packages/framework-arduinoespressif32/tools/sdk/esp32/include/esp-dl/include/tool -IC:/Users/micha/.platformio/packages/framework-arduinoespressif32/tools/sdk/esp32/include/esp-dl/include/typedef -IC:/Users/micha/.platformio/packages/framework-arduinoespressif32/tools/sdk/esp32/include/esp-dl/include/image -IC:/Users/micha/.platformio/packages/framework-arduinoespressif32/tools/sdk/esp32/include/esp-dl/include/math -IC:/Users/micha/.platformio/packages/framework-arduinoespressif32/tools/sdk/esp32/include/esp-dl/include/nn -IC:/Users/micha/.platformio/packages/framework-arduinoespressif32/tools/sdk/esp32/include/esp-dl/include/layer -IC:/Users/micha/.platformio/packages/framework-arduinoespressif32/tools/sdk/esp32/include/esp-dl/include/detect -IC:/Users/micha/.platformio/packages/framework-arduinoespressif32/tools/sdk/esp32/include/esp-dl/include/model_zoo -IC:/Users/micha/.platformio/packages/framework-arduinoespressif32/tools/sdk/esp32/include/esp32-camera/driver/include -IC:/Users/micha/.platformio/packages/framework-arduinoespressif32/tools/sdk/esp32/include/esp32-camera/conversions/include -IC:/Users/micha/.platformio/packages/framework-arduinoespressif32/tools/sdk/esp32/include/espressif__esp-dsp/modules/dotprod/include -IC:/Users/micha/.platformio/packages/framework-arduinoespressif32/tools/sdk/esp32/include/espressif__esp-dsp/modules/support/include -IC:/Users/micha/.platformio/packages/framework-arduinoespressif32/tools/sdk/esp32/include/espressif__esp-dsp/modules/support/mem/include -IC:/Users/micha/.platformio/packages/framework-arduinoespressif32/tools/sdk/esp32/include/espressif__esp-dsp/modules/windows/include -IC:/Users/micha/.platformio/packages/framework-arduinoespressif32/tools/sdk/esp32/include/espressif__esp-dsp/modules/windows/hann/include -IC:/Users/micha/.platformio/packages/framework-arduinoespressif32/tools/sdk/esp32/include/espressif__esp-dsp/modules/windows/blackman/include -IC:/Users/micha/.platformio/packages/framework-arduinoespressif32/tools/sdk/esp32/include/espressif__esp-dsp/modules/windows/blackman_harris/include -IC:/Users/micha/.platformio/packages/framework-arduinoespressif32/tools/sdk/esp32/include/espressif__esp-dsp/modules/windows/blackman_nuttall/include -IC:/Users/micha/.platformio/packages/framework-arduinoespressif32/tools/sdk/esp32/include/espressif__esp-dsp/modules/windows/nuttall/include -IC:/Users/micha/.platformio/packages/framework-arduinoespressif32/tools/sdk/esp32/include/espressif__esp-dsp/modules/windows/flat_top/include -IC:/Users/micha/.platformio/packages/framework-arduinoespressif32/tools/sdk/esp32/include/espressif__esp-dsp/modules/iir/include -IC:/Users/micha/.platformio/packages/framework-arduinoespressif32/tools/sdk/esp32/include/espressif__esp-dsp/modules/fir/include -IC:/Users/micha/.platformio/packages/framework-arduinoespressif32/tools/sdk/esp32/include/espressif__esp-dsp/modules/math/include -IC:/Users/micha/.platformio/packages/framework-arduinoespressif32/tools/sdk/esp32/include/espressif__esp-dsp/modules/math/add/include -IC:/Users/micha/.platformio/packages/framework-arduinoespressif32/tools/sdk/esp32/include/espressif__esp-dsp/modules/math/sub/include -IC:/Users/micha/.platformio/packages/framework-arduinoespressif32/tools/sdk/esp32/include/espressif__esp-dsp/modules/math/mul/include -IC:/Users/micha/.platformio/packages/framework-arduinoespressif32/tools/sdk/esp32/include/espressif__esp-dsp/modules/math/addc/include -IC:/Users/micha/.platformio/packages/framework-arduinoespressif32/tools/sdk/esp32/include/espressif__esp-dsp/modules/math/mulc/include -IC:/Users/micha/.platformio/packages/framework-arduinoespressif32/tools/sdk/esp32/include/espressif__esp-dsp/modules/math/sqrt/include -IC:/Users/micha/.platformio/packages/framework-arduinoespressif32/tools/sdk/esp32/include/espressif__esp-dsp/modules/matrix/include -IC:/Users/micha/.platformio/packages/framework-arduinoespressif32/tools/sdk/esp32/include/espressif__esp-dsp/modules/fft/include -IC:/Users/micha/.platformio/packages/framework-arduinoespressif32/tools/sdk/esp32/include/espressif__esp-dsp/modules/dct/include -IC:/Users/micha/.platformio/packages/framework-arduinoespressif32/tools/sdk/esp32/include/espressif__esp-dsp/modules/conv/include -IC:/Users/micha/.platformio/packages/framework-arduinoespressif32/tools/sdk/esp32/include/espressif__esp-dsp/modules/common/include -IC:/Users/micha/.platformio/packages/framework-arduinoespressif32/tools/sdk/esp32/include/espressif__esp-dsp/modules/kalman/ekf/include -IC:/Users/micha/.platformio/packages/framework-arduinoespressif32/tools/sdk/esp32/include/espressif__esp-dsp/modules/kalman/ekf_imu13states/include -IC:/Users/micha/.platformio/packages/framework-arduinoespressif32/tools/sdk/esp32/include/fb_gfx/include -IC:/Users/micha/.platformio/packages/framework-arduinoespressif32/tools/sdk/esp32/dio_qspi/include -IC:/Users/micha/.platformio/packages/framework-arduinoespressif32/cores/esp32 -IC:/Users/micha/.platformio/packages/framework-arduinoespressif32/variants/esp32 C:/Users/micha/.platformio/packages/framework-arduinoespressif32/cores/esp32/wiring_shift.c
xtensa-esp32-elf-gcc @U:\GitHub\PulSar\.pioenvs\tg_cam__wroover_01\tmpd45ik0rz.tmp
C:/Users/micha/.platformio/packages/framework-arduinoespressif32/cores/esp32/esp32-hal-psram.c:127:2: error: #error "CORRECT: This file should not be included directly, please check your configuration!"
 #error "CORRECT: This file should not be included directly, please check your configuration!"
  ^~~~~
*** [.pioenvs\tg_cam__wroover_01\FrameworkArduino\esp32-hal-psram.c.o] Error 1
========================= [FAILED] Took 114.49 seconds =========================

Environment                               Status    Duration
----------------------------------------  --------  ------------
esp_8266_customuser_example_serial        IGNORED
esp_8266_customuser_example_ota           IGNORED
tb_4chpro                                 IGNORED
tb_neopixel_pinned                        IGNORED
tb_oled_sh1106                            IGNORED
tb_lilygo_sim7000                         IGNORED
tb_sim7000_oled                           IGNORED
esp_8266_testbed_shelly1_01               IGNORED
esp_8266_testbed_shelly2_dimmer_01        IGNORED
tb_shelly25                               IGNORED
esp_8266_hvac_bedroom                     IGNORED
esp_8266_h801_tester                      IGNORED
esp_8266_desklight                        IGNORED
esp_8266_rgbbedlight                      IGNORED
esp_8266_h801_sunlight                    IGNORED
esp_8266_rgbbedroomfloor                  IGNORED
esp_32_testbed_hvac_with_energy_sens      IGNORED
tasmota32_base                            IGNORED
tasmota32_base-webcam                     IGNORED
tasmota32-minimal                         IGNORED
esp32_rgboutsidetree                      IGNORED
wh_clockbed                               IGNORED
wh_clock_tv                               IGNORED
wh_rgbdis_weight                          IGNORED
whitehall_82                              IGNORED
whitehall_32                              IGNORED
whitehall_32_no_part                      IGNORED
wh_sidelight                              IGNORED
wh_gaz4chpro                              IGNORED
wh_gazebosensor                           IGNORED
wh_consumerunit                           IGNORED
wh_consumerunit_25_tester                 IGNORED
wh_kitsen                                 IGNORED
wh_kitchenlight1                          IGNORED
wh_kitchenlight2                          IGNORED
wh_kitchenlight3                          IGNORED
wh_kitchenlight4                          IGNORED
wh_cooker_fan                             IGNORED
wh_rgbcooker                              IGNORED
wh_rgbfridge                              IGNORED
wh_rgbglassbox                            IGNORED
wh_rgbshelf                               IGNORED
tasmota32solo1                            IGNORED
tas32s                                    IGNORED
wh_utility_i4                             IGNORED
wh_rgbutility                             IGNORED
wh_rgblamp_cylinder                       IGNORED
wh_utilsens                               IGNORED
wh_immerson_cont                          IGNORED
wh_dimland                                IGNORED
wh_dim_garagespot                         IGNORED
wt_portable_sensor                        IGNORED
wh_hvac_home                              IGNORED
wh_dhall                                  IGNORED
wh_radfan                                 IGNORED
wh_socket_15                              IGNORED
wh_dimmer_tvroom                          IGNORED
wh_tvroom_uplights                        IGNORED
wh_floorfan1                              IGNORED
wh_floorfan2                              IGNORED
wh_floorfan3                              IGNORED
wh_floorfan4                              IGNORED
wh_floorfan5                              IGNORED
wh_floorfan6                              IGNORED
wh_airpurifier                            IGNORED
wh_sonoff_number_01                       IGNORED
wh_sonoff_number_02                       IGNORED
wh_sonoff_number_05                       IGNORED
wh_sonoff_number_06                       IGNORED
wh_sonoff_number_07                       IGNORED
wh_sonoff_number_08                       IGNORED
wh_sonoff_number_09                       IGNORED
wh_sonoff_number_12                       IGNORED
wh_sonoff_number_16                       IGNORED
wh_sonoff_number_20                       IGNORED
wh_sonoff_number_21                       IGNORED
wh_sonum_22                               IGNORED
wh_sonoff_number_23                       IGNORED
wh_sonoff_number_24                       IGNORED
wh_sonoff_number_101                      IGNORED
wh_sonoff_number_26                       IGNORED
wh_sonoff_number_27                       IGNORED
wh_sonoff_number_28                       IGNORED
wh_hvac_broom_hairdryer                   IGNORED
wh_ceiling_mbedroom                       IGNORED
wh_dresser_lights                         IGNORED
wh_hvac_masterbedroom                     IGNORED
whitehall_masterbedroomsensor             IGNORED
wh_mbedroom_lamp1                         IGNORED
wh_ensuite_fan                            IGNORED
wh_ceiling_ensuite                        IGNORED
wh_ensuite_sensor                         IGNORED
wh_ensuite_switch                         IGNORED
wh_atticsensor                            IGNORED
wh_rgbfireplace                           IGNORED
wh_livingroom_lamp1                       IGNORED
wh_livingroom_lamp2                       IGNORED
wh_livingroomsensor                       IGNORED
wh_oiltank                                IGNORED
wh_oilfurnace                             IGNORED
wh_garagelight                            IGNORED
wh_ceilingfan                             IGNORED
wh_bedroomsensor                          IGNORED
wh_dimbrc                                 IGNORED
wh_bathroom_sensor                        IGNORED
wht_br_but                                IGNORED
wht_black_stand                           IGNORED
wht_rgbdesk                               IGNORED
wht_bedroom_bedlight                      IGNORED
wht_computer_u25                          IGNORED
wht_computer_p32                          IGNORED
wht_bedr_wardrobe                         IGNORED
wh_mbedroom_wardrobe                      IGNORED
wht_bedroom_desk                          IGNORED
dev_desksensor                            IGNORED
tb_camera_sensor                          IGNORED
wh_dr0                                    IGNORED
meadows_82                                IGNORED
meadows_32                                IGNORED
cm_office__monitor_backlight              IGNORED
cm_office__hvac_desk                      IGNORED
cm_office__doorframe                      IGNORED
cm_office__ledmatrix_weight               IGNORED
cm_kitchen__glass_box                     IGNORED
cm_landing__glass_box                     IGNORED
cm_bedroom__door_frame                    IGNORED
cm_shelly_dimmer_01                       IGNORED
cm_mbedroom__ambient_sens                 IGNORED
cm_bathroom__immersion                    IGNORED
cm_livingroom__samsung_tv                 IGNORED
cm_hallway__vase_light                    IGNORED
cm_outside__fence_lights                  IGNORED
cm_prusa_climate_sensor                           IGNORED
cm_treadmill_power                        IGNORED
cm_garagelight                            IGNORED
cm_oiltank                                IGNORED
dev_esp32doit_gpio                        IGNORED
cm_office__433mhz_node                    IGNORED
cm_floorfan1                              IGNORED
cm_floorfan2                              IGNORED
cm_socket_basic_01                        IGNORED
cm_socket_basic_02                        IGNORED
cm_socket_basic_03                        IGNORED
cm_socket_basic_04                        IGNORED
cm_socket_basic_05                        IGNORED
cm_socket_basic_06                        IGNORED
cm_socket_basic_07                        IGNORED
cm_socket_basic_08                        IGNORED
cm_socket_basic_09                        IGNORED
ex_radio_rx                               IGNORED
tasmota32s2                               IGNORED
tasmota32c3                               IGNORED
tasmota32idf4                             IGNORED
tasmota-debug                             IGNORED
tasmota32-debug                           IGNORED
hacs32-debug                              IGNORED
testbed_shelly2p5                         IGNORED
hacs32_webcam1                            IGNORED
hacs32_webcam2                            IGNORED
hacs32_webcam3                            IGNORED
hacs32_webcam4                            IGNORED
hacs82-h801                               IGNORED
hacs32-bedroom_pzem_tester                IGNORED
esp_32_gpsparser_tester_polling           IGNORED
esp_32_gpsparser_tester_interrupt         IGNORED
esp_32_sdlogger1_tester                   IGNORED
esp_32_uart_tester                        IGNORED
esp_32_uart_gpsnmea_tester                IGNORED
esp_32_uart_gpsubx_tester                 IGNORED
esp_32_sdcard_tester                      IGNORED
esp_32_sdcard_lipo_tester                 IGNORED
esp_32_gps_to_sdcard_tester               IGNORED
esp_32_measurement_system_1_tester        IGNORED
esp_32_measurement_system_1               IGNORED
esp_32_measurement_calib_system_1         IGNORED
esp_32_rad_imu_sd_logger_1                IGNORED
esp_32_testbed_ecompass_lsm303d           IGNORED
esp_32_testbed_gps_sdcard_logger          IGNORED
devbed_hvac_home                          IGNORED
esp_8266_testbed_9axis_gyro               IGNORED
esp_32_testbed_9axis_gyro_mpu9250         IGNORED
esp_32_testbed_9axis_gyro_gy89            IGNORED
esp_32_outsidetree_basic_01               IGNORED
esp_32_outsidetree_basic_02               IGNORED
esp_32_outsidetree_debug                  IGNORED
esp_32_outsidetree_advanced_01            IGNORED
esp_8266_devboard_segment                 IGNORED
esp_32_bucket_water_level                 IGNORED
esp_32_tree_segment                       IGNORED
esp_32_outside_tree_segments              IGNORED
esp_32_testbed_ds18xx                     IGNORED
esp_32_testbed_bme                        IGNORED
esp_32_testbed_fona_basic                 IGNORED
testbed_rcswitch_normal                   IGNORED
testbed_rcs_ext                           IGNORED
testbed_h801_desk                         IGNORED
testbed_crashreport_esp82                 IGNORED
testbed_crashreport_esp32                 IGNORED
testbed_fastboot82                        IGNORED
esp_32_testbed_climate_sensor             IGNORED
esp_8266_testbed_segments_roof            IGNORED
esp_32_string_rosebud                     IGNORED
esp_8266_testbed_segments_4pixel          IGNORED
esp_8266_testbed_rtc_fastboot             IGNORED
esp_8266_testbed_status_leds              IGNORED
esp_32_testbed_segments_4pixel            IGNORED
esp_32_testbed_matrix_3p_e131             IGNORED
esp_32_testbed_webui_4pixel               IGNORED
esp_8266_testbed_webui_basic_gui          IGNORED
t_web8                                    IGNORED
tb_webserver_esp32_jun23                  IGNORED
tb_webserver_esp82_jun23                  IGNORED
tb_webui_neo_esp32_jun23                  IGNORED
tb_webui_neo2_esp32_jun23                 IGNORED
ch_bstring                                IGNORED
tb_primary_addlighting32                  IGNORED
tb_neopixel_multipin                      IGNORED
tb_multi_h801                             IGNORED
tb_neopixel_notifications                 IGNORED
tb_esp32_sim7000g                         IGNORED
tb_esp32_sim7000g_v2                      IGNORED
tb_cellular_locator_01                    IGNORED
tb_multi_cellular_locator_01              IGNORED
tb_multi_cellular_locator_02              IGNORED
tb_multi_cellular_locator_03              IGNORED
tb_multi_cellular_locator_04              IGNORED
tb_cellular_locator_02                    IGNORED
tb_cellular2024__gps_locator_9000G_01     IGNORED
tb_cellular2024__gps_locator_9000G_02     IGNORED
tb_cellular2024__gps_locator_800L_03      IGNORED
ht_tinygsm_polling                        IGNORED
tb_mavlink_decoder                        IGNORED
tb_mavlink_decoder_cellular_01            IGNORED
tb_mavlink_flightready_cellular_01        IGNORED
tb_mavlink_telemetry_wifi                 IGNORED
tb_esp32_buzzer                           IGNORED
tb_esp32_sim800l                          IGNORED
tb_seg_82                                 IGNORED
tb_h801v2_2023                            IGNORED
tb_rgbdev2                                IGNORED
esp_8266_testbed_webui_segments_3pixels   IGNORED
esp_8266_testbed_webui_4pixel             IGNORED
esp_8266_testbed_pixel_heart              IGNORED
esp_8266_testbed_hardware_bme             IGNORED
esp_32_testbed_hardware_bme               IGNORED
esp_8266_bedroom_wallclock_01             IGNORED
esp_8266_testbed_button_longpress         IGNORED
esp_8266_testbed_motion                   IGNORED
esp_32_testbed_motion                     IGNORED
esp_32_testbed_nextion_heating            IGNORED
esp_32_testbed_nextion_display            IGNORED
esp_32_testbed_nextion_display_web        IGNORED
tb_nextion_7inch                          IGNORED
nextion_kitchen                           IGNORED
nextion_kitchen_tb                        IGNORED
tb_nextion_treadmill_01                   IGNORED
tb_nextion_treadmill_02                   IGNORED
tb_nextion_10inch                         IGNORED
esp_8266_socket_numbered_20               IGNORED
esp_8266_socket_numbered_21               IGNORED
esp_8266_socket_numbered_22               IGNORED
esp_8266_testbed_h801_pwm_manual          IGNORED
esp_82_tb_h801_sun                        IGNORED
esp_8266_testbed_blending_variables       IGNORED
esp_8266_testbed_4chpro                   IGNORED
testbed_led_matrix_seg                    IGNORED
esp_8266_shellydimmer_livingroom_ceiling  IGNORED
tb_dimtest                                IGNORED
tb_testbed_sr04                           IGNORED
tb_webcam_v4                              IGNORED
tb_webcam_arduino                         IGNORED
tb_webcam_tasmota                         IGNORED
tb_webcam_multiclient                     IGNORED
devflash_esp8266_lowspace                 IGNORED
tb_rgbclock_testclock                     IGNORED
tg_multipin_h801_5white                   IGNORED
tg_multipin_h801_splitrgbcct              IGNORED
tg_multipin_e32_2neopins                  IGNORED
tg_lgt__esp32_1pin_rgb                    IGNORED
tg_lgt__esp32_1pin_wrgb                   IGNORED
tg_lgt__esp32_1pin_rgbww                  IGNORED
tg_lgt__esp32_2pin_rgb                    IGNORED
tg_lgt__esp32_4pin_rgb                    IGNORED
tg_lgt__esp32_8pin_rgb                    IGNORED
tg_lgt__esp32_16pin_rgb                   IGNORED
tg_lgt__esp32_4pin_varied_dbus            IGNORED
tg_lgt__esp32_1pin_ring                   IGNORED
tg_lgt__esp32_playlist_bar                IGNORED
tg_lgt__esp32_matrix_8w32h                IGNORED
tg_lgt__esp32_matrix_32w8h                IGNORED
tg_lgt__esp32_matrix_16x16                IGNORED
tg_lgt__esp32_matrix_16x16_16fx           IGNORED
tg_lgt__esp32_7segclock                   IGNORED
tg_lgt__02_esp32_4pin                     IGNORED
tg_lgt__06_esp32_ws2805                   IGNORED
tg_lgt__07_esp32_7segclock                IGNORED
tg_lgt__09_esp32_1pin_playlists           IGNORED
tg_lgt__11_esp32_effects_16grid           IGNORED
tg_lgt__11_esp32_outtree_multipin         IGNORED
tg_lgt__41_esp32_4pin_dev                 IGNORED
tg_lgt__20_esp32_matrix_16x16             IGNORED
tg_lgt__21_esp32_matrix_32x8              IGNORED
tg_lgt__30_h321_rgbcct                    IGNORED
tg_lgt__12_esp32_32bit_wrgb               IGNORED
tg_lgt__51_esp82_1pin_noweb               IGNORED
tg_lgt__52_h801_rgbcct                    IGNORED
tg_lgt__54_minimal_ota_midstage           IGNORED
tg_lgt__60_sgrp__wrgb                     IGNORED
tg_lgt__60_sgrp__rgbww                    IGNORED
tg_lgt__60_sgrp__rgb_pebble               IGNORED
tg_lgt__60_sgrp__matrix16x16              IGNORED
tg_lgt__60_sgrp__wrgb_2x                  IGNORED
tg_lgt__60_sgrp__wrgb_4x                  IGNORED
tg_lgt__02_esp32_4pin__1000led_tester     IGNORED
tg_lgt__07_esp32__treadmill_tester        IGNORED
tg_lgt__70_esp32_4pin__4output_triple     IGNORED
tg_lighting_eff_L3                        IGNORED
tg_lighting_eff_L4                        IGNORED
tg_lighting_eff_L5                        IGNORED
tg_lighting_eff_L6                        IGNORED
tg_lighting_eff_L7                        IGNORED
tg_lighting_eff_L8                        IGNORED
tg_lighting_eff_L9                        IGNORED
tg_lighting_eff_L10_7segclock             IGNORED
tg_lighting_eff_L11                       IGNORED
tg_lighting_eff_L12                       IGNORED
tg_lighting_eff_L13                       IGNORED
tg_lighting_eff_L14                       IGNORED
tg_lighting_eff_L15                       IGNORED
tg_lgt__03_esp32_4pin                     IGNORED
tb_settings_storage                       IGNORED
tb_filesystem                             IGNORED
dev_gps_serial                            IGNORED
wh_garage_transceiver                     IGNORED
xmas23_snowtree                           IGNORED
xmas23_frontsnowtree                      IGNORED
xmas23_outside_wreath                     IGNORED
xmas23_kitchen_shelf                      IGNORED
xmas23_outsidetree                        IGNORED
xmas23_outsidetree_debug                  IGNORED
xmas23_redgive_nonetwork                  IGNORED
xmas23_bauble4pin                         IGNORED
xmas23_utilityshelf                       IGNORED
tmp_lgt__hyperion_samsung_65inch          IGNORED
holloween23_1                             IGNORED
tmp_lgt__matSegs                          IGNORED
hvac_desk                                 IGNORED
tb_desk_sensor                            IGNORED
tb_night_flight                           IGNORED
rel_night_flight                          IGNORED
tb_ultrasonic                             IGNORED
dev_matrix                                IGNORED
tg_hvac_oil_rad01                         IGNORED
tg_pzem_socket_energy01                   IGNORED
tg_cellular_800L_office_testbed           IGNORED
ad_swt_and_but                            IGNORED
ad_door_light_office                      IGNORED
ad_motion_desk_testbed                    IGNORED
ad_motion_24radar_testbed                 IGNORED
ad_motion_24radar_testbedc3               IGNORED
ad_testbed__room_sensor_c3mini            IGNORED
ad_testbed__room_sensor_s3_xiao2          IGNORED
ad_testbed__room_sensor_wrover_e          IGNORED
ad_hallway_flowers                        IGNORED
tg_cam__wroover_01                        FAILED    00:01:54.486
xmas24__desk__timing_tester               IGNORED
xmas24_water                              IGNORED
xmas24__final__4x_green                   IGNORED
xmas24__final__8x_red                     IGNORED
xmas24__final__8x_outside_tree            IGNORED
xmas24__final__16x_outside_tree           IGNORED
tb_xmas24__final__16x_outside_tree        IGNORED
xmas24__final__16x_sidedoor_tree          IGNORED
xmas24__final__16x_snow_tree              IGNORED
xmas24__final__4x_sidedoor_wreath         IGNORED
xmas24__final__snow_silver                IGNORED
xmas24_tb__outtree_x16_01                 IGNORED
xmas24_tb__outtree_x16_02                 IGNORED
xmas23_tb__outtree_x8_sweep               IGNORED
tasmota32_base_april24                    IGNORED
tb_xiao_camera                            IGNORED
==================== 1 failed, 0 succeeded in 00:01:54.486 ====================
